18:26:41 **** Auto Build of configuration Debug for project axi_stream ****
make all 
Building file: ../src/echo.c
Invoking: MicroBlaze gcc compiler
mb-gcc -Wall -O0 -g3 -c -fmessage-length=0 -MT"src/echo.o" -mxl-frequency -I../../axi_stream_bsp/microblaze_0/include -mlittle-endian -mcpu=v11.0 -mxl-soft-mul -Wl,--no-relax -ffunction-sections -fdata-sections -MMD -MP -MF"src/echo.d" -MT"src/echo.o" -o "src/echo.o" "../src/echo.c"
../src/echo.c: In function 'recv_callback':
../src/echo.c:100:8: warning: variable 'len' set but not used [-Wunused-but-set-variable]
  u16_t len;
        ^~~
../src/echo.c: In function 'start_application':
../src/echo.c:222:7: warning: unused variable 'errority' [-Wunused-variable]
   int errority;
       ^~~~~~~~
../src/echo.c:221:7: warning: unused variable 'validity' [-Wunused-variable]
   int validity;
       ^~~~~~~~
../src/echo.c:220:18: warning: unused variable 'payload' [-Wunused-variable]
  volatile void * payload = buffer;
                  ^~~~~~~
Finished building: ../src/echo.c
 
Building target: axi_stream.elf
Invoking: MicroBlaze gcc linker
mb-gcc -Wl,-T -Wl,../src/lscript.ld -L../../axi_stream_bsp/microblaze_0/lib -mlittle-endian -mcpu=v11.0 -mxl-soft-mul -Wl,--no-relax -Wl,--gc-sections -o "axi_stream.elf"  ./src/echo.o ./src/i2c_access.o ./src/iic_phyreset.o ./src/main.o ./src/platform.o ./src/platform_mb.o ./src/platform_ppc.o ./src/platform_zynq.o ./src/platform_zynqmp.o ./src/sfp.o ./src/si5324.o   -Wl,--start-group,-lxil,-lgcc,-lc,--end-group -Wl,--start-group,-lxil,-llwip4,-lgcc,-lc,--end-group
Finished building target: axi_stream.elf
 
Invoking: MicroBlaze Print Size
mb-size axi_stream.elf  |tee "axi_stream.elf.size"
   text	   data	    bss	    dec	    hex	filename
 112508	   1792	3962324	4076624	 3e3450	axi_stream.elf
Finished building: axi_stream.elf.size
 

18:26:41 Build Finished (took 167ms)

