20:52:32 **** Incremental Build of configuration Debug for project axi_stream ****
make all 
make: Nothing to be done for `all'.
20:52:37 **** Incremental Build of configuration Debug for project axi_stream ****
make all 
make: Nothing to be done for `all'.
20:53:03 **** Incremental Build of configuration Debug for project axi_stream ****
make all 
make: Nothing to be done for `all'.
20:53:09 **** Incremental Build of configuration Debug for project axi_stream ****
make all 
make: Nothing to be done for `all'.
20:56:51 **** Auto Build of configuration Debug for project axi_stream ****
make all 
Building file: ../src/echo.c
Invoking: MicroBlaze gcc compiler
mb-gcc -Wall -O0 -g3 -c -fmessage-length=0 -MT"src/echo.o" -mxl-frequency -I../../axi_stream_bsp/microblaze_0/include -mlittle-endian -mcpu=v11.0 -mxl-soft-mul -Wl,--no-relax -ffunction-sections -fdata-sections -MMD -MP -MF"src/echo.d" -MT"src/echo.o" -o "src/echo.o" "../src/echo.c"
../src/echo.c: In function 'recv_callback':
../src/echo.c:91:8: warning: variable 'len' set but not used [-Wunused-but-set-variable]
  u16_t len;
        ^~~
../src/echo.c:89:8: warning: unused variable 'var_axi' [-Wunused-variable]
  u32_t var_axi;
        ^~~~~~~
../src/echo.c:76:9: warning: unused variable 'rec_data' [-Wunused-variable]
  char * rec_data = p->payload;
         ^~~~~~~~
Finished building: ../src/echo.c
 
Building target: axi_stream.elf
Invoking: MicroBlaze gcc linker
mb-gcc -Wl,-T -Wl,../src/lscript.ld -L../../axi_stream_bsp/microblaze_0/lib -mlittle-endian -mcpu=v11.0 -mxl-soft-mul -Wl,--no-relax -Wl,--gc-sections -o "axi_stream.elf"  ./src/echo.o ./src/i2c_access.o ./src/iic_phyreset.o ./src/main.o ./src/platform.o ./src/platform_mb.o ./src/platform_ppc.o ./src/platform_zynq.o ./src/platform_zynqmp.o ./src/sfp.o ./src/si5324.o   -Wl,--start-group,-lxil,-lgcc,-lc,--end-group -Wl,--start-group,-lxil,-llwip4,-lgcc,-lc,--end-group
Finished building target: axi_stream.elf
 
Invoking: MicroBlaze Print Size
mb-size axi_stream.elf  |tee "axi_stream.elf.size"
   text	   data	    bss	    dec	    hex	filename
 112284	   1792	3962324	4076400	 3e3370	axi_stream.elf
Finished building: axi_stream.elf.size
 
20:56:58 **** Incremental Build of configuration Debug for project axi_stream ****
make all 
make: Nothing to be done for `all'.
21:40:13 **** Auto Build of configuration Debug for project axi_stream ****
make all 
Building file: ../src/main.c
Invoking: MicroBlaze gcc compiler
mb-gcc -Wall -O0 -g3 -c -fmessage-length=0 -MT"src/main.o" -mxl-frequency -I../../axi_stream_bsp/microblaze_0/include -mlittle-endian -mcpu=v11.0 -mxl-soft-mul -Wl,--no-relax -ffunction-sections -fdata-sections -MMD -MP -MF"src/main.d" -MT"src/main.o" -o "src/main.o" "../src/main.c"
Finished building: ../src/main.c
 
Building target: axi_stream.elf
Invoking: MicroBlaze gcc linker
mb-gcc -Wl,-T -Wl,../src/lscript.ld -L../../axi_stream_bsp/microblaze_0/lib -mlittle-endian -mcpu=v11.0 -mxl-soft-mul -Wl,--no-relax -Wl,--gc-sections -o "axi_stream.elf"  ./src/echo.o ./src/i2c_access.o ./src/iic_phyreset.o ./src/main.o ./src/platform.o ./src/platform_mb.o ./src/platform_ppc.o ./src/platform_zynq.o ./src/platform_zynqmp.o ./src/sfp.o ./src/si5324.o   -Wl,--start-group,-lxil,-lgcc,-lc,--end-group -Wl,--start-group,-lxil,-llwip4,-lgcc,-lc,--end-group
Finished building target: axi_stream.elf
 
Invoking: MicroBlaze Print Size
mb-size axi_stream.elf  |tee "axi_stream.elf.size"
   text	   data	    bss	    dec	    hex	filename
 112284	   1792	3962324	4076400	 3e3370	axi_stream.elf
Finished building: axi_stream.elf.size
 
21:58:01 **** Auto Build of configuration Debug for project axi_stream ****
make all 
Building file: ../src/echo.c
Invoking: MicroBlaze gcc compiler
mb-gcc -Wall -O0 -g3 -c -fmessage-length=0 -MT"src/echo.o" -mxl-frequency -I../../axi_stream_bsp/microblaze_0/include -mlittle-endian -mcpu=v11.0 -mxl-soft-mul -Wl,--no-relax -ffunction-sections -fdata-sections -MMD -MP -MF"src/echo.d" -MT"src/echo.o" -o "src/echo.o" "../src/echo.c"
../src/echo.c: In function 'recv_callback':
../src/echo.c:91:8: warning: variable 'len' set but not used [-Wunused-but-set-variable]
  u16_t len;
        ^~~
../src/echo.c:89:8: warning: unused variable 'var_axi' [-Wunused-variable]
  u32_t var_axi;
        ^~~~~~~
../src/echo.c:76:9: warning: unused variable 'rec_data' [-Wunused-variable]
  char * rec_data = p->payload;
         ^~~~~~~~
../src/echo.c: In function 'start_application':
../src/echo.c:196:6: warning: unused variable 'errority' [-Wunused-variable]
  int errority;
      ^~~~~~~~
../src/echo.c:195:6: warning: unused variable 'validity' [-Wunused-variable]
  int validity;
      ^~~~~~~~
../src/echo.c:194:9: warning: unused variable 'len' [-Wunused-variable]
     int len = 4; //4 BYTES
         ^~~
../src/echo.c:189:9: warning: unused variable 'payload' [-Wunused-variable]
  void * payload = &buffer;
         ^~~~~~~
Finished building: ../src/echo.c
 
Building target: axi_stream.elf
Invoking: MicroBlaze gcc linker
mb-gcc -Wl,-T -Wl,../src/lscript.ld -L../../axi_stream_bsp/microblaze_0/lib -mlittle-endian -mcpu=v11.0 -mxl-soft-mul -Wl,--no-relax -Wl,--gc-sections -o "axi_stream.elf"  ./src/echo.o ./src/i2c_access.o ./src/iic_phyreset.o ./src/main.o ./src/platform.o ./src/platform_mb.o ./src/platform_ppc.o ./src/platform_zynq.o ./src/platform_zynqmp.o ./src/sfp.o ./src/si5324.o   -Wl,--start-group,-lxil,-lgcc,-lc,--end-group -Wl,--start-group,-lxil,-llwip4,-lgcc,-lc,--end-group
Finished building target: axi_stream.elf
 
Invoking: MicroBlaze Print Size
mb-size axi_stream.elf  |tee "axi_stream.elf.size"
   text	   data	    bss	    dec	    hex	filename
 112372	   1792	3962324	4076488	 3e33c8	axi_stream.elf
Finished building: axi_stream.elf.size
 
21:58:15 **** Incremental Build of configuration Debug for project axi_stream ****
make all 
make: Nothing to be done for `all'.
22:02:34 **** Auto Build of configuration Debug for project axi_stream ****
make all 
Building file: ../src/echo.c
Invoking: MicroBlaze gcc compiler
mb-gcc -Wall -O0 -g3 -c -fmessage-length=0 -MT"src/echo.o" -mxl-frequency -I../../axi_stream_bsp/microblaze_0/include -mlittle-endian -mcpu=v11.0 -mxl-soft-mul -Wl,--no-relax -ffunction-sections -fdata-sections -MMD -MP -MF"src/echo.d" -MT"src/echo.o" -o "src/echo.o" "../src/echo.c"
../src/echo.c: In function 'recv_callback':
../src/echo.c:92:8: warning: variable 'len' set but not used [-Wunused-but-set-variable]
  u16_t len;
        ^~~
../src/echo.c:90:8: warning: unused variable 'var_axi' [-Wunused-variable]
  u32_t var_axi;
        ^~~~~~~
../src/echo.c:76:9: warning: unused variable 'rec_data' [-Wunused-variable]
  char * rec_data = p->payload;
         ^~~~~~~~
../src/echo.c: In function 'start_application':
../src/echo.c:197:6: warning: unused variable 'errority' [-Wunused-variable]
  int errority;
      ^~~~~~~~
../src/echo.c:196:6: warning: unused variable 'validity' [-Wunused-variable]
  int validity;
      ^~~~~~~~
../src/echo.c:195:9: warning: unused variable 'len' [-Wunused-variable]
     int len = 4; //4 BYTES
         ^~~
../src/echo.c:190:9: warning: unused variable 'payload' [-Wunused-variable]
  void * payload = &buffer;
         ^~~~~~~
Finished building: ../src/echo.c
 
Building target: axi_stream.elf
Invoking: MicroBlaze gcc linker
mb-gcc -Wl,-T -Wl,../src/lscript.ld -L../../axi_stream_bsp/microblaze_0/lib -mlittle-endian -mcpu=v11.0 -mxl-soft-mul -Wl,--no-relax -Wl,--gc-sections -o "axi_stream.elf"  ./src/echo.o ./src/i2c_access.o ./src/iic_phyreset.o ./src/main.o ./src/platform.o ./src/platform_mb.o ./src/platform_ppc.o ./src/platform_zynq.o ./src/platform_zynqmp.o ./src/sfp.o ./src/si5324.o   -Wl,--start-group,-lxil,-lgcc,-lc,--end-group -Wl,--start-group,-lxil,-llwip4,-lgcc,-lc,--end-group
Finished building target: axi_stream.elf
 
Invoking: MicroBlaze Print Size
mb-size axi_stream.elf  |tee "axi_stream.elf.size"
   text	   data	    bss	    dec	    hex	filename
 112372	   1792	3962324	4076488	 3e33c8	axi_stream.elf
Finished building: axi_stream.elf.size
 
22:02:38 **** Incremental Build of configuration Debug for project axi_stream ****
make all 
make: Nothing to be done for `all'.
22:03:09 **** Incremental Build of configuration Debug for project axi_stream ****
make all 
make: Nothing to be done for `all'.
23:41:52 **** Auto Build of configuration Debug for project axi_stream ****
make all 
Building file: ../src/echo.c
Invoking: MicroBlaze gcc compiler
mb-gcc -Wall -O0 -g3 -c -fmessage-length=0 -MT"src/echo.o" -mxl-frequency -I../../axi_stream_bsp/microblaze_0/include -mlittle-endian -mcpu=v11.0 -mxl-soft-mul -Wl,--no-relax -ffunction-sections -fdata-sections -MMD -MP -MF"src/echo.d" -MT"src/echo.o" -o "src/echo.o" "../src/echo.c"
../src/echo.c: In function 'recv_callback':
../src/echo.c:92:8: warning: variable 'len' set but not used [-Wunused-but-set-variable]
  u16_t len;
        ^~~
../src/echo.c:90:8: warning: unused variable 'var_axi' [-Wunused-variable]
  u32_t var_axi;
        ^~~~~~~
../src/echo.c:76:9: warning: unused variable 'rec_data' [-Wunused-variable]
  char * rec_data = p->payload;
         ^~~~~~~~
../src/echo.c: In function 'start_application':
../src/echo.c:197:6: warning: unused variable 'errority' [-Wunused-variable]
  int errority;
      ^~~~~~~~
../src/echo.c:196:6: warning: unused variable 'validity' [-Wunused-variable]
  int validity;
      ^~~~~~~~
../src/echo.c:195:9: warning: unused variable 'len' [-Wunused-variable]
     int len = 4; //4 BYTES
         ^~~
../src/echo.c:190:9: warning: unused variable 'payload' [-Wunused-variable]
  void * payload = &buffer;
         ^~~~~~~
Finished building: ../src/echo.c
 
Building target: axi_stream.elf
Invoking: MicroBlaze gcc linker
mb-gcc -Wl,-T -Wl,../src/lscript.ld -L../../axi_stream_bsp/microblaze_0/lib -mlittle-endian -mcpu=v11.0 -mxl-soft-mul -Wl,--no-relax -Wl,--gc-sections -o "axi_stream.elf"  ./src/echo.o ./src/i2c_access.o ./src/iic_phyreset.o ./src/main.o ./src/platform.o ./src/platform_mb.o ./src/platform_ppc.o ./src/platform_zynq.o ./src/platform_zynqmp.o ./src/sfp.o ./src/si5324.o   -Wl,--start-group,-lxil,-lgcc,-lc,--end-group -Wl,--start-group,-lxil,-llwip4,-lgcc,-lc,--end-group
Finished building target: axi_stream.elf
 
Invoking: MicroBlaze Print Size
mb-size axi_stream.elf  |tee "axi_stream.elf.size"
   text	   data	    bss	    dec	    hex	filename
 112392	   1792	3962312	4076496	 3e33d0	axi_stream.elf
Finished building: axi_stream.elf.size
 
23:56:22 **** Auto Build of configuration Debug for project axi_stream ****
make all 
Building file: ../src/echo.c
Invoking: MicroBlaze gcc compiler
mb-gcc -Wall -O0 -g3 -c -fmessage-length=0 -MT"src/echo.o" -mxl-frequency -I../../axi_stream_bsp/microblaze_0/include -mlittle-endian -mcpu=v11.0 -mxl-soft-mul -Wl,--no-relax -ffunction-sections -fdata-sections -MMD -MP -MF"src/echo.d" -MT"src/echo.o" -o "src/echo.o" "../src/echo.c"
../src/echo.c: In function 'recv_callback':
../src/echo.c:72:2: error: unknown type name 'getfslx'
  getfslx
  ^~~~~~~
../src/echo.c:97:8: error: expected '=', ',', ';', 'asm' or '__attribute__' before 'var_axi'
  u32_t var_axi;
        ^~~~~~~
../src/echo.c:99:8: warning: variable 'len' set but not used [-Wunused-but-set-variable]
  u16_t len;
        ^~~
make: *** [src/echo.o] Error 1
00:10:11 **** Auto Build of configuration Debug for project axi_stream ****
make all 
Building file: ../src/echo.c
Invoking: MicroBlaze gcc compiler
mb-gcc -Wall -O0 -g3 -c -fmessage-length=0 -MT"src/echo.o" -mxl-frequency -I../../axi_stream_bsp/microblaze_0/include -mlittle-endian -mcpu=v11.0 -mxl-soft-mul -Wl,--no-relax -ffunction-sections -fdata-sections -MMD -MP -MF"src/echo.d" -MT"src/echo.o" -o "src/echo.o" "../src/echo.c"
../src/echo.c: In function 'recv_callback':
../src/echo.c:98:8: warning: variable 'len' set but not used [-Wunused-but-set-variable]
  u16_t len;
        ^~~
../src/echo.c:96:8: warning: unused variable 'var_axi' [-Wunused-variable]
  u32_t var_axi;
        ^~~~~~~
../src/echo.c: In function 'start_application':
../src/echo.c:207:38: error: expected expression before ')' token
      if(validity == 1 && errority == ) {
                                      ^
../src/echo.c:208:22: warning: passing argument 2 of 'tcp_write' discards 'volatile' qualifier from pointer target type [-Wdiscarded-qualifiers]
       tcp_write(pcb, payload, 1, 1);
                      ^~~~~~~
In file included from ../src/echo.c:33:
../../axi_stream_bsp/microblaze_0/include/lwip/tcp.h:473:64: note: expected 'const void *' but argument is of type 'volatile void *'
 err_t            tcp_write   (struct tcp_pcb *pcb, const void *dataptr, u16_t len,
                                                    ~~~~~~~~~~~~^~~~~~~
make: *** [src/echo.o] Error 1
00:15:04 **** Auto Build of configuration Debug for project axi_stream ****
make all 
Building file: ../src/echo.c
Invoking: MicroBlaze gcc compiler
mb-gcc -Wall -O0 -g3 -c -fmessage-length=0 -MT"src/echo.o" -mxl-frequency -I../../axi_stream_bsp/microblaze_0/include -mlittle-endian -mcpu=v11.0 -mxl-soft-mul -Wl,--no-relax -ffunction-sections -fdata-sections -MMD -MP -MF"src/echo.d" -MT"src/echo.o" -o "src/echo.o" "../src/echo.c"
../src/echo.c: In function 'recv_callback':
../src/echo.c:98:8: warning: variable 'len' set but not used [-Wunused-but-set-variable]
  u16_t len;
        ^~~
../src/echo.c:96:8: warning: unused variable 'var_axi' [-Wunused-variable]
  u32_t var_axi;
        ^~~~~~~
../src/echo.c: In function 'start_application':
../src/echo.c:208:22: warning: passing argument 2 of 'tcp_write' discards 'volatile' qualifier from pointer target type [-Wdiscarded-qualifiers]
       tcp_write(pcb, payload, 1, 1);
                      ^~~~~~~
In file included from ../src/echo.c:33:
../../axi_stream_bsp/microblaze_0/include/lwip/tcp.h:473:64: note: expected 'const void *' but argument is of type 'volatile void *'
 err_t            tcp_write   (struct tcp_pcb *pcb, const void *dataptr, u16_t len,
                                                    ~~~~~~~~~~~~^~~~~~~
../src/echo.c:210:6: error: 'error' undeclared (first use in this function); did you mean 'perror'?
      error = mfmsr();
      ^~~~~
      perror
../src/echo.c:210:6: note: each undeclared identifier is reported only once for each function it appears in
../src/echo.c:212:6: warning: implicit declaration of function 'mtmstr'; did you mean 'mtmsr'? [-Wimplicit-function-declaration]
      mtmstr(error);
      ^~~~~~
      mtmsr
make: *** [src/echo.o] Error 1
15:55:06 **** Build of project axi_stream_bsp ****
make -k all 
Running Make include in microblaze_0/libsrc/bram_v4_3/src
make -C microblaze_0/libsrc/bram_v4_3/src -s include  "SHELL=/bin/sh" "COMPILER=mb-gcc" "ARCHIVER=mb-ar" "COMPILER_FLAGS=  -O2 -c -mcpu=v11.0 -mlittle-endian -mxl-frequency -mxl-soft-mul" "EXTRA_COMPILER_FLAGS=-ffunction-sections -fdata-sections -Wall -Wextra"
Running Make include in microblaze_0/libsrc/cpu_v2_9/src
make -C microblaze_0/libsrc/cpu_v2_9/src -s include  "SHELL=/bin/sh" "COMPILER=mb-gcc" "ARCHIVER=mb-ar" "COMPILER_FLAGS=  -O2 -c -mcpu=v11.0 -mlittle-endian -mxl-frequency -mxl-soft-mul" "EXTRA_COMPILER_FLAGS=-ffunction-sections -fdata-sections -Wall -Wextra"
Running Make include in microblaze_0/libsrc/emaclite_v4_4/src
make -C microblaze_0/libsrc/emaclite_v4_4/src -s include  "SHELL=/bin/sh" "COMPILER=mb-gcc" "ARCHIVER=mb-ar" "COMPILER_FLAGS=  -O2 -c -mcpu=v11.0 -mlittle-endian -mxl-frequency -mxl-soft-mul" "EXTRA_COMPILER_FLAGS=-ffunction-sections -fdata-sections -Wall -Wextra"
Running Make include in microblaze_0/libsrc/intc_v3_9/src
make -C microblaze_0/libsrc/intc_v3_9/src -s include  "SHELL=/bin/sh" "COMPILER=mb-gcc" "ARCHIVER=mb-ar" "COMPILER_FLAGS=  -O2 -c -mcpu=v11.0 -mlittle-endian -mxl-frequency -mxl-soft-mul" "EXTRA_COMPILER_FLAGS=-ffunction-sections -fdata-sections -Wall -Wextra"
Running Make include in microblaze_0/libsrc/lwip211_v1_0/src
make -C microblaze_0/libsrc/lwip211_v1_0/src -s include  "SHELL=/bin/sh" "COMPILER=mb-gcc" "ARCHIVER=mb-ar" "COMPILER_FLAGS=  -O2 -c -mcpu=v11.0 -mlittle-endian -mxl-frequency -mxl-soft-mul" "EXTRA_COMPILER_FLAGS=-ffunction-sections -fdata-sections -Wall -Wextra"
Running Make include in microblaze_0/libsrc/standalone_v7_0/src
make -C microblaze_0/libsrc/standalone_v7_0/src -s include  "SHELL=/bin/sh" "COMPILER=mb-gcc" "ARCHIVER=mb-ar" "COMPILER_FLAGS=  -O2 -c -mcpu=v11.0 -mlittle-endian -mxl-frequency -mxl-soft-mul" "EXTRA_COMPILER_FLAGS=-ffunction-sections -fdata-sections -Wall -Wextra"
Running Make include in microblaze_0/libsrc/tmrctr_v4_5/src
make -C microblaze_0/libsrc/tmrctr_v4_5/src -s include  "SHELL=/bin/sh" "COMPILER=mb-gcc" "ARCHIVER=mb-ar" "COMPILER_FLAGS=  -O2 -c -mcpu=v11.0 -mlittle-endian -mxl-frequency -mxl-soft-mul" "EXTRA_COMPILER_FLAGS=-ffunction-sections -fdata-sections -Wall -Wextra"
Running Make include in microblaze_0/libsrc/uartlite_v3_2/src
make -C microblaze_0/libsrc/uartlite_v3_2/src -s include  "SHELL=/bin/sh" "COMPILER=mb-gcc" "ARCHIVER=mb-ar" "COMPILER_FLAGS=  -O2 -c -mcpu=v11.0 -mlittle-endian -mxl-frequency -mxl-soft-mul" "EXTRA_COMPILER_FLAGS=-ffunction-sections -fdata-sections -Wall -Wextra"
Running Make libs in microblaze_0/libsrc/bram_v4_3/src
make -C microblaze_0/libsrc/bram_v4_3/src -s libs  "SHELL=/bin/sh" "COMPILER=mb-gcc" "ARCHIVER=mb-ar" "COMPILER_FLAGS=  -O2 -c -mcpu=v11.0 -mlittle-endian -mxl-frequency -mxl-soft-mul" "EXTRA_COMPILER_FLAGS=-ffunction-sections -fdata-sections -Wall -Wextra"
Compiling bram
Running Make libs in microblaze_0/libsrc/cpu_v2_9/src
make -C microblaze_0/libsrc/cpu_v2_9/src -s libs  "SHELL=/bin/sh" "COMPILER=mb-gcc" "ARCHIVER=mb-ar" "COMPILER_FLAGS=  -O2 -c -mcpu=v11.0 -mlittle-endian -mxl-frequency -mxl-soft-mul" "EXTRA_COMPILER_FLAGS=-ffunction-sections -fdata-sections -Wall -Wextra"
Compiling cpu
Running Make libs in microblaze_0/libsrc/emaclite_v4_4/src
make -C microblaze_0/libsrc/emaclite_v4_4/src -s libs  "SHELL=/bin/sh" "COMPILER=mb-gcc" "ARCHIVER=mb-ar" "COMPILER_FLAGS=  -O2 -c -mcpu=v11.0 -mlittle-endian -mxl-frequency -mxl-soft-mul" "EXTRA_COMPILER_FLAGS=-ffunction-sections -fdata-sections -Wall -Wextra"
Compiling emaclite
Running Make libs in microblaze_0/libsrc/intc_v3_9/src
make -C microblaze_0/libsrc/intc_v3_9/src -s libs  "SHELL=/bin/sh" "COMPILER=mb-gcc" "ARCHIVER=mb-ar" "COMPILER_FLAGS=  -O2 -c -mcpu=v11.0 -mlittle-endian -mxl-frequency -mxl-soft-mul" "EXTRA_COMPILER_FLAGS=-ffunction-sections -fdata-sections -Wall -Wextra"
Compiling intc
Running Make libs in microblaze_0/libsrc/lwip211_v1_0/src
make -C microblaze_0/libsrc/lwip211_v1_0/src -s libs  "SHELL=/bin/sh" "COMPILER=mb-gcc" "ARCHIVER=mb-ar" "COMPILER_FLAGS=  -O2 -c -mcpu=v11.0 -mlittle-endian -mxl-frequency -mxl-soft-mul" "EXTRA_COMPILER_FLAGS=-ffunction-sections -fdata-sections -Wall -Wextra"
Compiling lwip src and adapter files
Running Make libs in microblaze_0/libsrc/standalone_v7_0/src
make -C microblaze_0/libsrc/standalone_v7_0/src -s libs  "SHELL=/bin/sh" "COMPILER=mb-gcc" "ARCHIVER=mb-ar" "COMPILER_FLAGS=  -O2 -c -mcpu=v11.0 -mlittle-endian -mxl-frequency -mxl-soft-mul" "EXTRA_COMPILER_FLAGS=-ffunction-sections -fdata-sections -Wall -Wextra"
Compiling standalone
microblaze_sleep.c:77:9: note: #pragma message: For the sleep routines, assembly instructions are used
 #pragma message ("For the sleep routines, assembly instructions are used")
         ^~~~~~~
Running Make libs in microblaze_0/libsrc/tmrctr_v4_5/src
make -C microblaze_0/libsrc/tmrctr_v4_5/src -s libs  "SHELL=/bin/sh" "COMPILER=mb-gcc" "ARCHIVER=mb-ar" "COMPILER_FLAGS=  -O2 -c -mcpu=v11.0 -mlittle-endian -mxl-frequency -mxl-soft-mul" "EXTRA_COMPILER_FLAGS=-ffunction-sections -fdata-sections -Wall -Wextra"
Compiling tmrctr
Running Make libs in microblaze_0/libsrc/uartlite_v3_2/src
make -C microblaze_0/libsrc/uartlite_v3_2/src -s libs  "SHELL=/bin/sh" "COMPILER=mb-gcc" "ARCHIVER=mb-ar" "COMPILER_FLAGS=  -O2 -c -mcpu=v11.0 -mlittle-endian -mxl-frequency -mxl-soft-mul" "EXTRA_COMPILER_FLAGS=-ffunction-sections -fdata-sections -Wall -Wextra"
Compiling uartlite
Finished building libraries
15:55:11 **** Build of configuration Debug for project axi_stream ****
make all 
Building file: ../src/echo.c
Invoking: MicroBlaze gcc compiler
mb-gcc -Wall -O0 -g3 -c -fmessage-length=0 -MT"src/echo.o" -mxl-frequency -I../../axi_stream_bsp/microblaze_0/include -mlittle-endian -mcpu=v11.0 -mxl-soft-mul -Wl,--no-relax -ffunction-sections -fdata-sections -MMD -MP -MF"src/echo.d" -MT"src/echo.o" -o "src/echo.o" "../src/echo.c"
../src/echo.c: In function 'recv_callback':
../src/echo.c:98:8: warning: variable 'len' set but not used [-Wunused-but-set-variable]
  u16_t len;
        ^~~
../src/echo.c:96:8: warning: unused variable 'var_axi' [-Wunused-variable]
  u32_t var_axi;
        ^~~~~~~
../src/echo.c: In function 'start_application':
../src/echo.c:208:22: warning: passing argument 2 of 'tcp_write' discards 'volatile' qualifier from pointer target type [-Wdiscarded-qualifiers]
       tcp_write(pcb, payload, 1, 1);
                      ^~~~~~~
In file included from ../src/echo.c:33:
../../axi_stream_bsp/microblaze_0/include/lwip/tcp.h:473:64: note: expected 'const void *' but argument is of type 'volatile void *'
 err_t            tcp_write   (struct tcp_pcb *pcb, const void *dataptr, u16_t len,
                                                    ~~~~~~~~~~~~^~~~~~~
../src/echo.c:210:6: error: 'error' undeclared (first use in this function); did you mean 'perror'?
      error = mfmsr();
      ^~~~~
      perror
../src/echo.c:210:6: note: each undeclared identifier is reported only once for each function it appears in
../src/echo.c:212:6: warning: implicit declaration of function 'mtmstr'; did you mean 'mtmsr'? [-Wimplicit-function-declaration]
      mtmstr(error);
      ^~~~~~
      mtmsr
make: *** [src/echo.o] Error 1
16:21:34 **** Build of project axi_stream_bsp ****
make -k all 
Running Make include in microblaze_0/libsrc/bram_v4_3/src
make -C microblaze_0/libsrc/bram_v4_3/src -s include  "SHELL=/bin/sh" "COMPILER=mb-gcc" "ARCHIVER=mb-ar" "COMPILER_FLAGS=  -O2 -c -mcpu=v11.0 -mlittle-endian -mxl-frequency -mxl-soft-mul" "EXTRA_COMPILER_FLAGS=-ffunction-sections -fdata-sections -Wall -Wextra"
Running Make include in microblaze_0/libsrc/cpu_v2_9/src
make -C microblaze_0/libsrc/cpu_v2_9/src -s include  "SHELL=/bin/sh" "COMPILER=mb-gcc" "ARCHIVER=mb-ar" "COMPILER_FLAGS=  -O2 -c -mcpu=v11.0 -mlittle-endian -mxl-frequency -mxl-soft-mul" "EXTRA_COMPILER_FLAGS=-ffunction-sections -fdata-sections -Wall -Wextra"
Running Make include in microblaze_0/libsrc/emaclite_v4_4/src
make -C microblaze_0/libsrc/emaclite_v4_4/src -s include  "SHELL=/bin/sh" "COMPILER=mb-gcc" "ARCHIVER=mb-ar" "COMPILER_FLAGS=  -O2 -c -mcpu=v11.0 -mlittle-endian -mxl-frequency -mxl-soft-mul" "EXTRA_COMPILER_FLAGS=-ffunction-sections -fdata-sections -Wall -Wextra"
Running Make include in microblaze_0/libsrc/intc_v3_9/src
make -C microblaze_0/libsrc/intc_v3_9/src -s include  "SHELL=/bin/sh" "COMPILER=mb-gcc" "ARCHIVER=mb-ar" "COMPILER_FLAGS=  -O2 -c -mcpu=v11.0 -mlittle-endian -mxl-frequency -mxl-soft-mul" "EXTRA_COMPILER_FLAGS=-ffunction-sections -fdata-sections -Wall -Wextra"
Running Make include in microblaze_0/libsrc/lwip211_v1_0/src
make -C microblaze_0/libsrc/lwip211_v1_0/src -s include  "SHELL=/bin/sh" "COMPILER=mb-gcc" "ARCHIVER=mb-ar" "COMPILER_FLAGS=  -O2 -c -mcpu=v11.0 -mlittle-endian -mxl-frequency -mxl-soft-mul" "EXTRA_COMPILER_FLAGS=-ffunction-sections -fdata-sections -Wall -Wextra"
Running Make include in microblaze_0/libsrc/standalone_v7_0/src
make -C microblaze_0/libsrc/standalone_v7_0/src -s include  "SHELL=/bin/sh" "COMPILER=mb-gcc" "ARCHIVER=mb-ar" "COMPILER_FLAGS=  -O2 -c -mcpu=v11.0 -mlittle-endian -mxl-frequency -mxl-soft-mul" "EXTRA_COMPILER_FLAGS=-ffunction-sections -fdata-sections -Wall -Wextra"
Running Make include in microblaze_0/libsrc/tmrctr_v4_5/src
make -C microblaze_0/libsrc/tmrctr_v4_5/src -s include  "SHELL=/bin/sh" "COMPILER=mb-gcc" "ARCHIVER=mb-ar" "COMPILER_FLAGS=  -O2 -c -mcpu=v11.0 -mlittle-endian -mxl-frequency -mxl-soft-mul" "EXTRA_COMPILER_FLAGS=-ffunction-sections -fdata-sections -Wall -Wextra"
Running Make include in microblaze_0/libsrc/uartlite_v3_2/src
make -C microblaze_0/libsrc/uartlite_v3_2/src -s include  "SHELL=/bin/sh" "COMPILER=mb-gcc" "ARCHIVER=mb-ar" "COMPILER_FLAGS=  -O2 -c -mcpu=v11.0 -mlittle-endian -mxl-frequency -mxl-soft-mul" "EXTRA_COMPILER_FLAGS=-ffunction-sections -fdata-sections -Wall -Wextra"
Running Make libs in microblaze_0/libsrc/bram_v4_3/src
make -C microblaze_0/libsrc/bram_v4_3/src -s libs  "SHELL=/bin/sh" "COMPILER=mb-gcc" "ARCHIVER=mb-ar" "COMPILER_FLAGS=  -O2 -c -mcpu=v11.0 -mlittle-endian -mxl-frequency -mxl-soft-mul" "EXTRA_COMPILER_FLAGS=-ffunction-sections -fdata-sections -Wall -Wextra"
Compiling bram
Running Make libs in microblaze_0/libsrc/cpu_v2_9/src
make -C microblaze_0/libsrc/cpu_v2_9/src -s libs  "SHELL=/bin/sh" "COMPILER=mb-gcc" "ARCHIVER=mb-ar" "COMPILER_FLAGS=  -O2 -c -mcpu=v11.0 -mlittle-endian -mxl-frequency -mxl-soft-mul" "EXTRA_COMPILER_FLAGS=-ffunction-sections -fdata-sections -Wall -Wextra"
Compiling cpu
Running Make libs in microblaze_0/libsrc/emaclite_v4_4/src
make -C microblaze_0/libsrc/emaclite_v4_4/src -s libs  "SHELL=/bin/sh" "COMPILER=mb-gcc" "ARCHIVER=mb-ar" "COMPILER_FLAGS=  -O2 -c -mcpu=v11.0 -mlittle-endian -mxl-frequency -mxl-soft-mul" "EXTRA_COMPILER_FLAGS=-ffunction-sections -fdata-sections -Wall -Wextra"
Compiling emaclite
Running Make libs in microblaze_0/libsrc/intc_v3_9/src
make -C microblaze_0/libsrc/intc_v3_9/src -s libs  "SHELL=/bin/sh" "COMPILER=mb-gcc" "ARCHIVER=mb-ar" "COMPILER_FLAGS=  -O2 -c -mcpu=v11.0 -mlittle-endian -mxl-frequency -mxl-soft-mul" "EXTRA_COMPILER_FLAGS=-ffunction-sections -fdata-sections -Wall -Wextra"
Compiling intc
Running Make libs in microblaze_0/libsrc/lwip211_v1_0/src
make -C microblaze_0/libsrc/lwip211_v1_0/src -s libs  "SHELL=/bin/sh" "COMPILER=mb-gcc" "ARCHIVER=mb-ar" "COMPILER_FLAGS=  -O2 -c -mcpu=v11.0 -mlittle-endian -mxl-frequency -mxl-soft-mul" "EXTRA_COMPILER_FLAGS=-ffunction-sections -fdata-sections -Wall -Wextra"
Compiling lwip src and adapter files
Running Make libs in microblaze_0/libsrc/standalone_v7_0/src
make -C microblaze_0/libsrc/standalone_v7_0/src -s libs  "SHELL=/bin/sh" "COMPILER=mb-gcc" "ARCHIVER=mb-ar" "COMPILER_FLAGS=  -O2 -c -mcpu=v11.0 -mlittle-endian -mxl-frequency -mxl-soft-mul" "EXTRA_COMPILER_FLAGS=-ffunction-sections -fdata-sections -Wall -Wextra"
Compiling standalone
microblaze_sleep.c:77:9: note: #pragma message: For the sleep routines, assembly instructions are used
 #pragma message ("For the sleep routines, assembly instructions are used")
         ^~~~~~~
Running Make libs in microblaze_0/libsrc/tmrctr_v4_5/src
make -C microblaze_0/libsrc/tmrctr_v4_5/src -s libs  "SHELL=/bin/sh" "COMPILER=mb-gcc" "ARCHIVER=mb-ar" "COMPILER_FLAGS=  -O2 -c -mcpu=v11.0 -mlittle-endian -mxl-frequency -mxl-soft-mul" "EXTRA_COMPILER_FLAGS=-ffunction-sections -fdata-sections -Wall -Wextra"
Compiling tmrctr
Running Make libs in microblaze_0/libsrc/uartlite_v3_2/src
make -C microblaze_0/libsrc/uartlite_v3_2/src -s libs  "SHELL=/bin/sh" "COMPILER=mb-gcc" "ARCHIVER=mb-ar" "COMPILER_FLAGS=  -O2 -c -mcpu=v11.0 -mlittle-endian -mxl-frequency -mxl-soft-mul" "EXTRA_COMPILER_FLAGS=-ffunction-sections -fdata-sections -Wall -Wextra"
Compiling uartlite
Finished building libraries
16:21:37 **** Build of configuration Debug for project axi_stream ****
make all 
Building file: ../src/echo.c
Invoking: MicroBlaze gcc compiler
mb-gcc -Wall -O0 -g3 -c -fmessage-length=0 -MT"src/echo.o" -mxl-frequency -I../../axi_stream_bsp/microblaze_0/include -mlittle-endian -mcpu=v11.0 -mxl-soft-mul -Wl,--no-relax -ffunction-sections -fdata-sections -MMD -MP -MF"src/echo.d" -MT"src/echo.o" -o "src/echo.o" "../src/echo.c"
../src/echo.c: In function 'recv_callback':
../src/echo.c:98:8: warning: variable 'len' set but not used [-Wunused-but-set-variable]
  u16_t len;
        ^~~
../src/echo.c:96:8: warning: unused variable 'var_axi' [-Wunused-variable]
  u32_t var_axi;
        ^~~~~~~
../src/echo.c: In function 'start_application':
../src/echo.c:208:22: warning: passing argument 2 of 'tcp_write' discards 'volatile' qualifier from pointer target type [-Wdiscarded-qualifiers]
       tcp_write(pcb, payload, 1, 1);
                      ^~~~~~~
In file included from ../src/echo.c:33:
../../axi_stream_bsp/microblaze_0/include/lwip/tcp.h:473:64: note: expected 'const void *' but argument is of type 'volatile void *'
 err_t            tcp_write   (struct tcp_pcb *pcb, const void *dataptr, u16_t len,
                                                    ~~~~~~~~~~~~^~~~~~~
../src/echo.c:210:6: error: 'error' undeclared (first use in this function); did you mean 'perror'?
      error = mfmsr();
      ^~~~~
      perror
../src/echo.c:210:6: note: each undeclared identifier is reported only once for each function it appears in
../src/echo.c:212:6: warning: implicit declaration of function 'mtmstr'; did you mean 'mtmsr'? [-Wimplicit-function-declaration]
      mtmstr(error);
      ^~~~~~
      mtmsr
make: *** [src/echo.o] Error 1
16:24:08 **** Auto Build of configuration Debug for project axi_stream ****
make all 
Building file: ../src/echo.c
Invoking: MicroBlaze gcc compiler
mb-gcc -Wall -O0 -g3 -c -fmessage-length=0 -MT"src/echo.o" -mxl-frequency -I../../axi_stream_bsp/microblaze_0/include -mlittle-endian -mcpu=v11.0 -mxl-soft-mul -Wl,--no-relax -ffunction-sections -fdata-sections -MMD -MP -MF"src/echo.d" -MT"src/echo.o" -o "src/echo.o" "../src/echo.c"
../src/echo.c: In function 'recv_callback':
../src/echo.c:98:8: warning: variable 'len' set but not used [-Wunused-but-set-variable]
  u16_t len;
        ^~~
../src/echo.c:96:8: warning: unused variable 'var_axi' [-Wunused-variable]
  u32_t var_axi;
        ^~~~~~~
../src/echo.c:82:9: warning: unused variable 'rec_data' [-Wunused-variable]
  char * rec_data = p->payload;
         ^~~~~~~~
../src/echo.c: In function 'start_application':
../src/echo.c:198:7: warning: unused variable 'errority' [-Wunused-variable]
   int errority;
       ^~~~~~~~
../src/echo.c:197:7: warning: unused variable 'validity' [-Wunused-variable]
   int validity;
       ^~~~~~~~
../src/echo.c:196:18: warning: unused variable 'payload' [-Wunused-variable]
  volatile void * payload = buffer;
                  ^~~~~~~
Finished building: ../src/echo.c
 
Building file: ../src/main.c
Invoking: MicroBlaze gcc compiler
mb-gcc -Wall -O0 -g3 -c -fmessage-length=0 -MT"src/main.o" -mxl-frequency -I../../axi_stream_bsp/microblaze_0/include -mlittle-endian -mcpu=v11.0 -mxl-soft-mul -Wl,--no-relax -ffunction-sections -fdata-sections -MMD -MP -MF"src/main.d" -MT"src/main.o" -o "src/main.o" "../src/main.c"
Finished building: ../src/main.c
 
Building file: ../src/platform.c
Invoking: MicroBlaze gcc compiler
mb-gcc -Wall -O0 -g3 -c -fmessage-length=0 -MT"src/platform.o" -mxl-frequency -I../../axi_stream_bsp/microblaze_0/include -mlittle-endian -mcpu=v11.0 -mxl-soft-mul -Wl,--no-relax -ffunction-sections -fdata-sections -MMD -MP -MF"src/platform.d" -MT"src/platform.o" -o "src/platform.o" "../src/platform.c"
Finished building: ../src/platform.c
 
Building file: ../src/platform_mb.c
Invoking: MicroBlaze gcc compiler
mb-gcc -Wall -O0 -g3 -c -fmessage-length=0 -MT"src/platform_mb.o" -mxl-frequency -I../../axi_stream_bsp/microblaze_0/include -mlittle-endian -mcpu=v11.0 -mxl-soft-mul -Wl,--no-relax -ffunction-sections -fdata-sections -MMD -MP -MF"src/platform_mb.d" -MT"src/platform_mb.o" -o "src/platform_mb.o" "../src/platform_mb.c"
Finished building: ../src/platform_mb.c
 
Building target: axi_stream.elf
Invoking: MicroBlaze gcc linker
mb-gcc -Wl,-T -Wl,../src/lscript.ld -L../../axi_stream_bsp/microblaze_0/lib -mlittle-endian -mcpu=v11.0 -mxl-soft-mul -Wl,--no-relax -Wl,--gc-sections -o "axi_stream.elf"  ./src/echo.o ./src/i2c_access.o ./src/iic_phyreset.o ./src/main.o ./src/platform.o ./src/platform_mb.o ./src/platform_ppc.o ./src/platform_zynq.o ./src/platform_zynqmp.o ./src/sfp.o ./src/si5324.o   -Wl,--start-group,-lxil,-lgcc,-lc,--end-group -Wl,--start-group,-lxil,-llwip4,-lgcc,-lc,--end-group
Finished building target: axi_stream.elf
 
Invoking: MicroBlaze Print Size
mb-size axi_stream.elf  |tee "axi_stream.elf.size"
   text	   data	    bss	    dec	    hex	filename
 112304	   1792	3962320	4076416	 3e3380	axi_stream.elf
Finished building: axi_stream.elf.size
 
16:27:04 **** Incremental Build of configuration Debug for project axi_stream ****
make all 
make: Nothing to be done for `all'.
16:27:08 **** Incremental Build of configuration Debug for project axi_stream ****
make all 
make: Nothing to be done for `all'.
16:30:16 **** Incremental Build of configuration Debug for project axi_stream ****
make all 
make: Nothing to be done for `all'.
16:30:51 **** Auto Build of configuration Debug for project axi_stream ****
make all 
Building file: ../src/echo.c
Invoking: MicroBlaze gcc compiler
mb-gcc -Wall -O0 -g3 -c -fmessage-length=0 -MT"src/echo.o" -mxl-frequency -I../../axi_stream_bsp/microblaze_0/include -mlittle-endian -mcpu=v11.0 -mxl-soft-mul -Wl,--no-relax -ffunction-sections -fdata-sections -MMD -MP -MF"src/echo.d" -MT"src/echo.o" -o "src/echo.o" "../src/echo.c"
../src/echo.c: In function 'recv_callback':
../src/echo.c:98:8: warning: variable 'len' set but not used [-Wunused-but-set-variable]
  u16_t len;
        ^~~
../src/echo.c:96:8: warning: unused variable 'var_axi' [-Wunused-variable]
  u32_t var_axi;
        ^~~~~~~
../src/echo.c:82:9: warning: unused variable 'rec_data' [-Wunused-variable]
  char * rec_data = p->payload;
         ^~~~~~~~
../src/echo.c: In function 'start_application':
../src/echo.c:198:7: warning: unused variable 'errority' [-Wunused-variable]
   int errority;
       ^~~~~~~~
../src/echo.c:197:7: warning: unused variable 'validity' [-Wunused-variable]
   int validity;
       ^~~~~~~~
../src/echo.c:196:18: warning: unused variable 'payload' [-Wunused-variable]
  volatile void * payload = buffer;
                  ^~~~~~~
Finished building: ../src/echo.c
 
Building target: axi_stream.elf
Invoking: MicroBlaze gcc linker
mb-gcc -Wl,-T -Wl,../src/lscript.ld -L../../axi_stream_bsp/microblaze_0/lib -mlittle-endian -mcpu=v11.0 -mxl-soft-mul -Wl,--no-relax -Wl,--gc-sections -o "axi_stream.elf"  ./src/echo.o ./src/i2c_access.o ./src/iic_phyreset.o ./src/main.o ./src/platform.o ./src/platform_mb.o ./src/platform_ppc.o ./src/platform_zynq.o ./src/platform_zynqmp.o ./src/sfp.o ./src/si5324.o   -Wl,--start-group,-lxil,-lgcc,-lc,--end-group -Wl,--start-group,-lxil,-llwip4,-lgcc,-lc,--end-group
Finished building target: axi_stream.elf
 
Invoking: MicroBlaze Print Size
mb-size axi_stream.elf  |tee "axi_stream.elf.size"
   text	   data	    bss	    dec	    hex	filename
 112304	   1792	3962320	4076416	 3e3380	axi_stream.elf
Finished building: axi_stream.elf.size
 
16:34:11 **** Auto Build of configuration Debug for project axi_stream ****
make all 
Building file: ../src/echo.c
Invoking: MicroBlaze gcc compiler
mb-gcc -Wall -O0 -g3 -c -fmessage-length=0 -MT"src/echo.o" -mxl-frequency -I../../axi_stream_bsp/microblaze_0/include -mlittle-endian -mcpu=v11.0 -mxl-soft-mul -Wl,--no-relax -ffunction-sections -fdata-sections -MMD -MP -MF"src/echo.d" -MT"src/echo.o" -o "src/echo.o" "../src/echo.c"
../src/echo.c: In function 'recv_callback':
../src/echo.c:126:14: error: redefinition of 'payload'
       void * payload = &buffer;
              ^~~~~~~
../src/echo.c:76:8: note: previous definition of 'payload' was here
  void *payload = buffer; //void * payload = &buffer;
        ^~~~~~~
../src/echo.c:97:8: warning: unused variable 'var_axi' [-Wunused-variable]
  u32_t var_axi;
        ^~~~~~~
../src/echo.c: In function 'start_application':
../src/echo.c:201:7: warning: unused variable 'errority' [-Wunused-variable]
   int errority;
       ^~~~~~~~
../src/echo.c:200:7: warning: unused variable 'validity' [-Wunused-variable]
   int validity;
       ^~~~~~~~
../src/echo.c:199:18: warning: unused variable 'payload' [-Wunused-variable]
  volatile void * payload = buffer;
                  ^~~~~~~
make: *** [src/echo.o] Error 1
16:34:53 **** Auto Build of configuration Debug for project axi_stream ****
make all 
Building file: ../src/echo.c
Invoking: MicroBlaze gcc compiler
mb-gcc -Wall -O0 -g3 -c -fmessage-length=0 -MT"src/echo.o" -mxl-frequency -I../../axi_stream_bsp/microblaze_0/include -mlittle-endian -mcpu=v11.0 -mxl-soft-mul -Wl,--no-relax -ffunction-sections -fdata-sections -MMD -MP -MF"src/echo.d" -MT"src/echo.o" -o "src/echo.o" "../src/echo.c"
../src/echo.c: In function 'recv_callback':
../src/echo.c:97:8: warning: unused variable 'var_axi' [-Wunused-variable]
  u32_t var_axi;
        ^~~~~~~
../src/echo.c: In function 'start_application':
../src/echo.c:201:7: warning: unused variable 'errority' [-Wunused-variable]
   int errority;
       ^~~~~~~~
../src/echo.c:200:7: warning: unused variable 'validity' [-Wunused-variable]
   int validity;
       ^~~~~~~~
../src/echo.c:199:18: warning: unused variable 'payload' [-Wunused-variable]
  volatile void * payload = buffer;
                  ^~~~~~~
Finished building: ../src/echo.c
 
Building target: axi_stream.elf
Invoking: MicroBlaze gcc linker
mb-gcc -Wl,-T -Wl,../src/lscript.ld -L../../axi_stream_bsp/microblaze_0/lib -mlittle-endian -mcpu=v11.0 -mxl-soft-mul -Wl,--no-relax -Wl,--gc-sections -o "axi_stream.elf"  ./src/echo.o ./src/i2c_access.o ./src/iic_phyreset.o ./src/main.o ./src/platform.o ./src/platform_mb.o ./src/platform_ppc.o ./src/platform_zynq.o ./src/platform_zynqmp.o ./src/sfp.o ./src/si5324.o   -Wl,--start-group,-lxil,-lgcc,-lc,--end-group -Wl,--start-group,-lxil,-llwip4,-lgcc,-lc,--end-group
Finished building target: axi_stream.elf
 
Invoking: MicroBlaze Print Size
mb-size axi_stream.elf  |tee "axi_stream.elf.size"
   text	   data	    bss	    dec	    hex	filename
 112360	   1792	3962320	4076472	 3e33b8	axi_stream.elf
Finished building: axi_stream.elf.size
 
16:35:57 **** Auto Build of configuration Debug for project axi_stream ****
make all 
Building file: ../src/echo.c
Invoking: MicroBlaze gcc compiler
mb-gcc -Wall -O0 -g3 -c -fmessage-length=0 -MT"src/echo.o" -mxl-frequency -I../../axi_stream_bsp/microblaze_0/include -mlittle-endian -mcpu=v11.0 -mxl-soft-mul -Wl,--no-relax -ffunction-sections -fdata-sections -MMD -MP -MF"src/echo.d" -MT"src/echo.o" -o "src/echo.o" "../src/echo.c"
../src/echo.c: In function 'recv_callback':
../src/echo.c:97:8: warning: unused variable 'var_axi' [-Wunused-variable]
  u32_t var_axi;
        ^~~~~~~
../src/echo.c: In function 'start_application':
../src/echo.c:203:7: warning: unused variable 'errority' [-Wunused-variable]
   int errority;
       ^~~~~~~~
../src/echo.c:202:7: warning: unused variable 'validity' [-Wunused-variable]
   int validity;
       ^~~~~~~~
../src/echo.c:201:18: warning: unused variable 'payload' [-Wunused-variable]
  volatile void * payload = buffer;
                  ^~~~~~~
Finished building: ../src/echo.c
 
Building target: axi_stream.elf
Invoking: MicroBlaze gcc linker
mb-gcc -Wl,-T -Wl,../src/lscript.ld -L../../axi_stream_bsp/microblaze_0/lib -mlittle-endian -mcpu=v11.0 -mxl-soft-mul -Wl,--no-relax -Wl,--gc-sections -o "axi_stream.elf"  ./src/echo.o ./src/i2c_access.o ./src/iic_phyreset.o ./src/main.o ./src/platform.o ./src/platform_mb.o ./src/platform_ppc.o ./src/platform_zynq.o ./src/platform_zynqmp.o ./src/sfp.o ./src/si5324.o   -Wl,--start-group,-lxil,-lgcc,-lc,--end-group -Wl,--start-group,-lxil,-llwip4,-lgcc,-lc,--end-group
Finished building target: axi_stream.elf
 
Invoking: MicroBlaze Print Size
mb-size axi_stream.elf  |tee "axi_stream.elf.size"
   text	   data	    bss	    dec	    hex	filename
 112380	   1792	3962324	4076496	 3e33d0	axi_stream.elf
Finished building: axi_stream.elf.size
 
16:37:03 **** Auto Build of configuration Debug for project axi_stream ****
make all 
Building file: ../src/echo.c
Invoking: MicroBlaze gcc compiler
mb-gcc -Wall -O0 -g3 -c -fmessage-length=0 -MT"src/echo.o" -mxl-frequency -I../../axi_stream_bsp/microblaze_0/include -mlittle-endian -mcpu=v11.0 -mxl-soft-mul -Wl,--no-relax -ffunction-sections -fdata-sections -MMD -MP -MF"src/echo.d" -MT"src/echo.o" -o "src/echo.o" "../src/echo.c"
../src/echo.c: In function 'recv_callback':
../src/echo.c:97:8: warning: unused variable 'var_axi' [-Wunused-variable]
  u32_t var_axi;
        ^~~~~~~
../src/echo.c: In function 'start_application':
../src/echo.c:203:7: warning: unused variable 'errority' [-Wunused-variable]
   int errority;
       ^~~~~~~~
../src/echo.c:202:7: warning: unused variable 'validity' [-Wunused-variable]
   int validity;
       ^~~~~~~~
../src/echo.c:201:18: warning: unused variable 'payload' [-Wunused-variable]
  volatile void * payload = buffer;
                  ^~~~~~~
Finished building: ../src/echo.c
 
Building target: axi_stream.elf
Invoking: MicroBlaze gcc linker
mb-gcc -Wl,-T -Wl,../src/lscript.ld -L../../axi_stream_bsp/microblaze_0/lib -mlittle-endian -mcpu=v11.0 -mxl-soft-mul -Wl,--no-relax -Wl,--gc-sections -o "axi_stream.elf"  ./src/echo.o ./src/i2c_access.o ./src/iic_phyreset.o ./src/main.o ./src/platform.o ./src/platform_mb.o ./src/platform_ppc.o ./src/platform_zynq.o ./src/platform_zynqmp.o ./src/sfp.o ./src/si5324.o   -Wl,--start-group,-lxil,-lgcc,-lc,--end-group -Wl,--start-group,-lxil,-llwip4,-lgcc,-lc,--end-group
Finished building target: axi_stream.elf
 
Invoking: MicroBlaze Print Size
mb-size axi_stream.elf  |tee "axi_stream.elf.size"
   text	   data	    bss	    dec	    hex	filename
 112412	   1792	3962324	4076528	 3e33f0	axi_stream.elf
Finished building: axi_stream.elf.size
 
16:37:24 **** Auto Build of configuration Debug for project axi_stream ****
make all 
Building file: ../src/echo.c
Invoking: MicroBlaze gcc compiler
mb-gcc -Wall -O0 -g3 -c -fmessage-length=0 -MT"src/echo.o" -mxl-frequency -I../../axi_stream_bsp/microblaze_0/include -mlittle-endian -mcpu=v11.0 -mxl-soft-mul -Wl,--no-relax -ffunction-sections -fdata-sections -MMD -MP -MF"src/echo.d" -MT"src/echo.o" -o "src/echo.o" "../src/echo.c"
../src/echo.c: In function 'start_application':
../src/echo.c:204:7: warning: unused variable 'errority' [-Wunused-variable]
   int errority;
       ^~~~~~~~
../src/echo.c:203:7: warning: unused variable 'validity' [-Wunused-variable]
   int validity;
       ^~~~~~~~
../src/echo.c:202:18: warning: unused variable 'payload' [-Wunused-variable]
  volatile void * payload = buffer;
                  ^~~~~~~
Finished building: ../src/echo.c
 
Building target: axi_stream.elf
Invoking: MicroBlaze gcc linker
mb-gcc -Wl,-T -Wl,../src/lscript.ld -L../../axi_stream_bsp/microblaze_0/lib -mlittle-endian -mcpu=v11.0 -mxl-soft-mul -Wl,--no-relax -Wl,--gc-sections -o "axi_stream.elf"  ./src/echo.o ./src/i2c_access.o ./src/iic_phyreset.o ./src/main.o ./src/platform.o ./src/platform_mb.o ./src/platform_ppc.o ./src/platform_zynq.o ./src/platform_zynqmp.o ./src/sfp.o ./src/si5324.o   -Wl,--start-group,-lxil,-lgcc,-lc,--end-group -Wl,--start-group,-lxil,-llwip4,-lgcc,-lc,--end-group
Finished building target: axi_stream.elf
 
Invoking: MicroBlaze Print Size
mb-size axi_stream.elf  |tee "axi_stream.elf.size"
   text	   data	    bss	    dec	    hex	filename
 112412	   1792	3962324	4076528	 3e33f0	axi_stream.elf
Finished building: axi_stream.elf.size
 
16:37:52 **** Incremental Build of configuration Debug for project axi_stream ****
make all 
make: Nothing to be done for `all'.
16:39:35 **** Incremental Build of configuration Debug for project axi_stream ****
make all 
make: Nothing to be done for `all'.
16:39:42 **** Incremental Build of configuration Debug for project axi_stream ****
make all 
make: Nothing to be done for `all'.
16:42:40 **** Auto Build of configuration Debug for project axi_stream ****
make all 
Building file: ../src/echo.c
Invoking: MicroBlaze gcc compiler
mb-gcc -Wall -O0 -g3 -c -fmessage-length=0 -MT"src/echo.o" -mxl-frequency -I../../axi_stream_bsp/microblaze_0/include -mlittle-endian -mcpu=v11.0 -mxl-soft-mul -Wl,--no-relax -ffunction-sections -fdata-sections -MMD -MP -MF"src/echo.d" -MT"src/echo.o" -o "src/echo.o" "../src/echo.c"
../src/echo.c: In function 'start_application':
../src/echo.c:206:7: warning: unused variable 'errority' [-Wunused-variable]
   int errority;
       ^~~~~~~~
../src/echo.c:205:7: warning: unused variable 'validity' [-Wunused-variable]
   int validity;
       ^~~~~~~~
../src/echo.c:204:18: warning: unused variable 'payload' [-Wunused-variable]
  volatile void * payload = buffer;
                  ^~~~~~~
Finished building: ../src/echo.c
 
Building target: axi_stream.elf
Invoking: MicroBlaze gcc linker
mb-gcc -Wl,-T -Wl,../src/lscript.ld -L../../axi_stream_bsp/microblaze_0/lib -mlittle-endian -mcpu=v11.0 -mxl-soft-mul -Wl,--no-relax -Wl,--gc-sections -o "axi_stream.elf"  ./src/echo.o ./src/i2c_access.o ./src/iic_phyreset.o ./src/main.o ./src/platform.o ./src/platform_mb.o ./src/platform_ppc.o ./src/platform_zynq.o ./src/platform_zynqmp.o ./src/sfp.o ./src/si5324.o   -Wl,--start-group,-lxil,-lgcc,-lc,--end-group -Wl,--start-group,-lxil,-llwip4,-lgcc,-lc,--end-group
Finished building target: axi_stream.elf
 
Invoking: MicroBlaze Print Size
mb-size axi_stream.elf  |tee "axi_stream.elf.size"
   text	   data	    bss	    dec	    hex	filename
 112432	   1792	3962320	4076544	 3e3400	axi_stream.elf
Finished building: axi_stream.elf.size
 
16:42:44 **** Incremental Build of configuration Debug for project axi_stream ****
make all 
make: Nothing to be done for `all'.
16:46:51 **** Incremental Build of configuration Debug for project axi_stream ****
make all 
make: Nothing to be done for `all'.
16:48:16 **** Auto Build of configuration Debug for project axi_stream ****
make all 
Building file: ../src/echo.c
Invoking: MicroBlaze gcc compiler
mb-gcc -Wall -O0 -g3 -c -fmessage-length=0 -MT"src/echo.o" -mxl-frequency -I../../axi_stream_bsp/microblaze_0/include -mlittle-endian -mcpu=v11.0 -mxl-soft-mul -Wl,--no-relax -ffunction-sections -fdata-sections -MMD -MP -MF"src/echo.d" -MT"src/echo.o" -o "src/echo.o" "../src/echo.c"
../src/echo.c: In function 'start_application':
../src/echo.c:216:22: warning: passing argument 2 of 'tcp_write' discards 'volatile' qualifier from pointer target type [-Wdiscarded-qualifiers]
       tcp_write(pcb, payload, 1, 1);
                      ^~~~~~~
In file included from ../src/echo.c:33:
../../axi_stream_bsp/microblaze_0/include/lwip/tcp.h:473:64: note: expected 'const void *' but argument is of type 'volatile void *'
 err_t            tcp_write   (struct tcp_pcb *pcb, const void *dataptr, u16_t len,
                                                    ~~~~~~~~~~~~^~~~~~~
In file included from ../../axi_stream_bsp/microblaze_0/include/lwip/opt.h:55,
                 from ../../axi_stream_bsp/microblaze_0/include/lwip/err.h:39,
                 from ../src/echo.c:32:
../../axi_stream_bsp/microblaze_0/include/mb_interface.h:93:33: error: impossible constraint in 'asm'
 #define getfsl(val, id)         asm volatile ("get\t%0,rfsl" stringify(id) : "=d" (val))
                                 ^~~
../src/echo.c:211:3: note: in expansion of macro 'getfsl'
   getfsl(buffer,3);
   ^~~~~~
make: *** [src/echo.o] Error 1
16:50:06 **** Auto Build of configuration Debug for project axi_stream ****
make all 
Building file: ../src/echo.c
Invoking: MicroBlaze gcc compiler
mb-gcc -Wall -O0 -g3 -c -fmessage-length=0 -MT"src/echo.o" -mxl-frequency -I../../axi_stream_bsp/microblaze_0/include -mlittle-endian -mcpu=v11.0 -mxl-soft-mul -Wl,--no-relax -ffunction-sections -fdata-sections -MMD -MP -MF"src/echo.d" -MT"src/echo.o" -o "src/echo.o" "../src/echo.c"
../src/echo.c: In function 'recv_callback':
../src/echo.c:125:22: error: macro "putfslx" requires 3 arguments, but only 2 given
  putfslx(p->payload,3);
                      ^
../src/echo.c:125:2: error: 'putfslx' undeclared (first use in this function); did you mean 'puts'?
  putfslx(p->payload,3);
  ^~~~~~~
  puts
../src/echo.c:125:2: note: each undeclared identifier is reported only once for each function it appears in
../src/echo.c: In function 'start_application':
../src/echo.c:217:22: warning: passing argument 2 of 'tcp_write' discards 'volatile' qualifier from pointer target type [-Wdiscarded-qualifiers]
       tcp_write(pcb, payload, 1, 1);
                      ^~~~~~~
In file included from ../src/echo.c:33:
../../axi_stream_bsp/microblaze_0/include/lwip/tcp.h:473:64: note: expected 'const void *' but argument is of type 'volatile void *'
 err_t            tcp_write   (struct tcp_pcb *pcb, const void *dataptr, u16_t len,
                                                    ~~~~~~~~~~~~^~~~~~~
make: *** [src/echo.o] Error 1
16:50:25 **** Auto Build of configuration Debug for project axi_stream ****
make all 
Building file: ../src/echo.c
Invoking: MicroBlaze gcc compiler
mb-gcc -Wall -O0 -g3 -c -fmessage-length=0 -MT"src/echo.o" -mxl-frequency -I../../axi_stream_bsp/microblaze_0/include -mlittle-endian -mcpu=v11.0 -mxl-soft-mul -Wl,--no-relax -ffunction-sections -fdata-sections -MMD -MP -MF"src/echo.d" -MT"src/echo.o" -o "src/echo.o" "../src/echo.c"
../src/echo.c: In function 'start_application':
../src/echo.c:217:22: warning: passing argument 2 of 'tcp_write' discards 'volatile' qualifier from pointer target type [-Wdiscarded-qualifiers]
       tcp_write(pcb, payload, 1, 1);
                      ^~~~~~~
In file included from ../src/echo.c:33:
../../axi_stream_bsp/microblaze_0/include/lwip/tcp.h:473:64: note: expected 'const void *' but argument is of type 'volatile void *'
 err_t            tcp_write   (struct tcp_pcb *pcb, const void *dataptr, u16_t len,
                                                    ~~~~~~~~~~~~^~~~~~~
In file included from ../../axi_stream_bsp/microblaze_0/include/lwip/opt.h:55,
                 from ../../axi_stream_bsp/microblaze_0/include/lwip/err.h:39,
                 from ../src/echo.c:32:
../../axi_stream_bsp/microblaze_0/include/mb_interface.h:93:33: error: impossible constraint in 'asm'
 #define getfsl(val, id)         asm volatile ("get\t%0,rfsl" stringify(id) : "=d" (val))
                                 ^~~
../src/echo.c:212:3: note: in expansion of macro 'getfsl'
   getfsl(buffer,3);
   ^~~~~~
make: *** [src/echo.o] Error 1
16:50:44 **** Auto Build of configuration Debug for project axi_stream ****
make all 
Building file: ../src/echo.c
Invoking: MicroBlaze gcc compiler
mb-gcc -Wall -O0 -g3 -c -fmessage-length=0 -MT"src/echo.o" -mxl-frequency -I../../axi_stream_bsp/microblaze_0/include -mlittle-endian -mcpu=v11.0 -mxl-soft-mul -Wl,--no-relax -ffunction-sections -fdata-sections -MMD -MP -MF"src/echo.d" -MT"src/echo.o" -o "src/echo.o" "../src/echo.c"
../src/echo.c: In function 'start_application':
../src/echo.c:217:22: warning: passing argument 2 of 'tcp_write' discards 'volatile' qualifier from pointer target type [-Wdiscarded-qualifiers]
       tcp_write(pcb, payload, 1, 1);
                      ^~~~~~~
In file included from ../src/echo.c:33:
../../axi_stream_bsp/microblaze_0/include/lwip/tcp.h:473:64: note: expected 'const void *' but argument is of type 'volatile void *'
 err_t            tcp_write   (struct tcp_pcb *pcb, const void *dataptr, u16_t len,
                                                    ~~~~~~~~~~~~^~~~~~~
Finished building: ../src/echo.c
 
Building target: axi_stream.elf
Invoking: MicroBlaze gcc linker
mb-gcc -Wl,-T -Wl,../src/lscript.ld -L../../axi_stream_bsp/microblaze_0/lib -mlittle-endian -mcpu=v11.0 -mxl-soft-mul -Wl,--no-relax -Wl,--gc-sections -o "axi_stream.elf"  ./src/echo.o ./src/i2c_access.o ./src/iic_phyreset.o ./src/main.o ./src/platform.o ./src/platform_mb.o ./src/platform_ppc.o ./src/platform_zynq.o ./src/platform_zynqmp.o ./src/sfp.o ./src/si5324.o   -Wl,--start-group,-lxil,-lgcc,-lc,--end-group -Wl,--start-group,-lxil,-llwip4,-lgcc,-lc,--end-group
Finished building target: axi_stream.elf
 
Invoking: MicroBlaze Print Size
mb-size axi_stream.elf  |tee "axi_stream.elf.size"
   text	   data	    bss	    dec	    hex	filename
 112508	   1792	3962324	4076624	 3e3450	axi_stream.elf
Finished building: axi_stream.elf.size
 
16:51:04 **** Auto Build of configuration Debug for project axi_stream ****
make all 
Building file: ../src/echo.c
Invoking: MicroBlaze gcc compiler
mb-gcc -Wall -O0 -g3 -c -fmessage-length=0 -MT"src/echo.o" -mxl-frequency -I../../axi_stream_bsp/microblaze_0/include -mlittle-endian -mcpu=v11.0 -mxl-soft-mul -Wl,--no-relax -ffunction-sections -fdata-sections -MMD -MP -MF"src/echo.d" -MT"src/echo.o" -o "src/echo.o" "../src/echo.c"
../src/echo.c: In function 'start_application':
../src/echo.c:217:22: warning: passing argument 2 of 'tcp_write' discards 'volatile' qualifier from pointer target type [-Wdiscarded-qualifiers]
       tcp_write(pcb, payload, 1, 1);
                      ^~~~~~~
In file included from ../src/echo.c:33:
../../axi_stream_bsp/microblaze_0/include/lwip/tcp.h:473:64: note: expected 'const void *' but argument is of type 'volatile void *'
 err_t            tcp_write   (struct tcp_pcb *pcb, const void *dataptr, u16_t len,
                                                    ~~~~~~~~~~~~^~~~~~~
Finished building: ../src/echo.c
 
Building target: axi_stream.elf
Invoking: MicroBlaze gcc linker
mb-gcc -Wl,-T -Wl,../src/lscript.ld -L../../axi_stream_bsp/microblaze_0/lib -mlittle-endian -mcpu=v11.0 -mxl-soft-mul -Wl,--no-relax -Wl,--gc-sections -o "axi_stream.elf"  ./src/echo.o ./src/i2c_access.o ./src/iic_phyreset.o ./src/main.o ./src/platform.o ./src/platform_mb.o ./src/platform_ppc.o ./src/platform_zynq.o ./src/platform_zynqmp.o ./src/sfp.o ./src/si5324.o   -Wl,--start-group,-lxil,-lgcc,-lc,--end-group -Wl,--start-group,-lxil,-llwip4,-lgcc,-lc,--end-group
Finished building target: axi_stream.elf
 
Invoking: MicroBlaze Print Size
mb-size axi_stream.elf  |tee "axi_stream.elf.size"
   text	   data	    bss	    dec	    hex	filename
 112512	   1792	3962320	4076624	 3e3450	axi_stream.elf
Finished building: axi_stream.elf.size
 
16:51:53 **** Auto Build of configuration Debug for project axi_stream ****
make all 
Building file: ../src/echo.c
Invoking: MicroBlaze gcc compiler
mb-gcc -Wall -O0 -g3 -c -fmessage-length=0 -MT"src/echo.o" -mxl-frequency -I../../axi_stream_bsp/microblaze_0/include -mlittle-endian -mcpu=v11.0 -mxl-soft-mul -Wl,--no-relax -ffunction-sections -fdata-sections -MMD -MP -MF"src/echo.d" -MT"src/echo.o" -o "src/echo.o" "../src/echo.c"
../src/echo.c: In function 'start_application':
../src/echo.c:221:22: warning: passing argument 2 of 'tcp_write' discards 'volatile' qualifier from pointer target type [-Wdiscarded-qualifiers]
       tcp_write(pcb, payload, 1, 1);
                      ^~~~~~~
In file included from ../src/echo.c:33:
../../axi_stream_bsp/microblaze_0/include/lwip/tcp.h:473:64: note: expected 'const void *' but argument is of type 'volatile void *'
 err_t            tcp_write   (struct tcp_pcb *pcb, const void *dataptr, u16_t len,
                                                    ~~~~~~~~~~~~^~~~~~~
Finished building: ../src/echo.c
 
Building target: axi_stream.elf
Invoking: MicroBlaze gcc linker
mb-gcc -Wl,-T -Wl,../src/lscript.ld -L../../axi_stream_bsp/microblaze_0/lib -mlittle-endian -mcpu=v11.0 -mxl-soft-mul -Wl,--no-relax -Wl,--gc-sections -o "axi_stream.elf"  ./src/echo.o ./src/i2c_access.o ./src/iic_phyreset.o ./src/main.o ./src/platform.o ./src/platform_mb.o ./src/platform_ppc.o ./src/platform_zynq.o ./src/platform_zynqmp.o ./src/sfp.o ./src/si5324.o   -Wl,--start-group,-lxil,-lgcc,-lc,--end-group -Wl,--start-group,-lxil,-llwip4,-lgcc,-lc,--end-group
Finished building target: axi_stream.elf
 
Invoking: MicroBlaze Print Size
mb-size axi_stream.elf  |tee "axi_stream.elf.size"
   text	   data	    bss	    dec	    hex	filename
 112552	   1792	3962320	4076664	 3e3478	axi_stream.elf
Finished building: axi_stream.elf.size
 
16:53:38 **** Auto Build of configuration Debug for project axi_stream ****
make all 
Building file: ../src/echo.c
Invoking: MicroBlaze gcc compiler
mb-gcc -Wall -O0 -g3 -c -fmessage-length=0 -MT"src/echo.o" -mxl-frequency -I../../axi_stream_bsp/microblaze_0/include -mlittle-endian -mcpu=v11.0 -mxl-soft-mul -Wl,--no-relax -ffunction-sections -fdata-sections -MMD -MP -MF"src/echo.d" -MT"src/echo.o" -o "src/echo.o" "../src/echo.c"
../src/echo.c: In function 'start_application':
../src/echo.c:221:22: warning: passing argument 2 of 'tcp_write' discards 'volatile' qualifier from pointer target type [-Wdiscarded-qualifiers]
       tcp_write(pcb, payload, 1, 1);
                      ^~~~~~~
In file included from ../src/echo.c:33:
../../axi_stream_bsp/microblaze_0/include/lwip/tcp.h:473:64: note: expected 'const void *' but argument is of type 'volatile void *'
 err_t            tcp_write   (struct tcp_pcb *pcb, const void *dataptr, u16_t len,
                                                    ~~~~~~~~~~~~^~~~~~~
Finished building: ../src/echo.c
 
Building target: axi_stream.elf
Invoking: MicroBlaze gcc linker
mb-gcc -Wl,-T -Wl,../src/lscript.ld -L../../axi_stream_bsp/microblaze_0/lib -mlittle-endian -mcpu=v11.0 -mxl-soft-mul -Wl,--no-relax -Wl,--gc-sections -o "axi_stream.elf"  ./src/echo.o ./src/i2c_access.o ./src/iic_phyreset.o ./src/main.o ./src/platform.o ./src/platform_mb.o ./src/platform_ppc.o ./src/platform_zynq.o ./src/platform_zynqmp.o ./src/sfp.o ./src/si5324.o   -Wl,--start-group,-lxil,-lgcc,-lc,--end-group -Wl,--start-group,-lxil,-llwip4,-lgcc,-lc,--end-group
Finished building target: axi_stream.elf
 
Invoking: MicroBlaze Print Size
mb-size axi_stream.elf  |tee "axi_stream.elf.size"
   text	   data	    bss	    dec	    hex	filename
 112552	   1792	3962320	4076664	 3e3478	axi_stream.elf
Finished building: axi_stream.elf.size
 
16:56:24 **** Incremental Build of configuration Debug for project axi_stream ****
make all 
make: Nothing to be done for `all'.
16:57:39 **** Auto Build of configuration Debug for project axi_stream ****
make all 
Building file: ../src/echo.c
Invoking: MicroBlaze gcc compiler
mb-gcc -Wall -O0 -g3 -c -fmessage-length=0 -MT"src/echo.o" -mxl-frequency -I../../axi_stream_bsp/microblaze_0/include -mlittle-endian -mcpu=v11.0 -mxl-soft-mul -Wl,--no-relax -ffunction-sections -fdata-sections -MMD -MP -MF"src/echo.d" -MT"src/echo.o" -o "src/echo.o" "../src/echo.c"
../src/echo.c: In function 'start_application':
../src/echo.c:222:22: warning: passing argument 2 of 'tcp_write' discards 'volatile' qualifier from pointer target type [-Wdiscarded-qualifiers]
       tcp_write(pcb, payload, 1, 1);
                      ^~~~~~~
In file included from ../src/echo.c:33:
../../axi_stream_bsp/microblaze_0/include/lwip/tcp.h:473:64: note: expected 'const void *' but argument is of type 'volatile void *'
 err_t            tcp_write   (struct tcp_pcb *pcb, const void *dataptr, u16_t len,
                                                    ~~~~~~~~~~~~^~~~~~~
Finished building: ../src/echo.c
 
Building target: axi_stream.elf
Invoking: MicroBlaze gcc linker
mb-gcc -Wl,-T -Wl,../src/lscript.ld -L../../axi_stream_bsp/microblaze_0/lib -mlittle-endian -mcpu=v11.0 -mxl-soft-mul -Wl,--no-relax -Wl,--gc-sections -o "axi_stream.elf"  ./src/echo.o ./src/i2c_access.o ./src/iic_phyreset.o ./src/main.o ./src/platform.o ./src/platform_mb.o ./src/platform_ppc.o ./src/platform_zynq.o ./src/platform_zynqmp.o ./src/sfp.o ./src/si5324.o   -Wl,--start-group,-lxil,-lgcc,-lc,--end-group -Wl,--start-group,-lxil,-llwip4,-lgcc,-lc,--end-group
Finished building target: axi_stream.elf
 
Invoking: MicroBlaze Print Size
mb-size axi_stream.elf  |tee "axi_stream.elf.size"
   text	   data	    bss	    dec	    hex	filename
 112552	   1792	3962320	4076664	 3e3478	axi_stream.elf
Finished building: axi_stream.elf.size
 
16:57:46 **** Incremental Build of configuration Debug for project axi_stream ****
make all 
make: Nothing to be done for `all'.
16:58:29 **** Incremental Build of configuration Debug for project axi_stream ****
make all 
make: Nothing to be done for `all'.
16:59:34 **** Auto Build of configuration Debug for project axi_stream ****
make all 
Building file: ../src/echo.c
Invoking: MicroBlaze gcc compiler
mb-gcc -Wall -O0 -g3 -c -fmessage-length=0 -MT"src/echo.o" -mxl-frequency -I../../axi_stream_bsp/microblaze_0/include -mlittle-endian -mcpu=v11.0 -mxl-soft-mul -Wl,--no-relax -ffunction-sections -fdata-sections -MMD -MP -MF"src/echo.d" -MT"src/echo.o" -o "src/echo.o" "../src/echo.c"
../src/echo.c: In function 'start_application':
../src/echo.c:211:7: warning: unused variable 'errority' [-Wunused-variable]
   int errority;
       ^~~~~~~~
../src/echo.c:210:7: warning: unused variable 'validity' [-Wunused-variable]
   int validity;
       ^~~~~~~~
../src/echo.c:209:18: warning: unused variable 'payload' [-Wunused-variable]
  volatile void * payload = buffer;
                  ^~~~~~~
Finished building: ../src/echo.c
 
Building target: axi_stream.elf
Invoking: MicroBlaze gcc linker
mb-gcc -Wl,-T -Wl,../src/lscript.ld -L../../axi_stream_bsp/microblaze_0/lib -mlittle-endian -mcpu=v11.0 -mxl-soft-mul -Wl,--no-relax -Wl,--gc-sections -o "axi_stream.elf"  ./src/echo.o ./src/i2c_access.o ./src/iic_phyreset.o ./src/main.o ./src/platform.o ./src/platform_mb.o ./src/platform_ppc.o ./src/platform_zynq.o ./src/platform_zynqmp.o ./src/sfp.o ./src/si5324.o   -Wl,--start-group,-lxil,-lgcc,-lc,--end-group -Wl,--start-group,-lxil,-llwip4,-lgcc,-lc,--end-group
Finished building target: axi_stream.elf
 
Invoking: MicroBlaze Print Size
mb-size axi_stream.elf  |tee "axi_stream.elf.size"
   text	   data	    bss	    dec	    hex	filename
 112484	   1792	3962324	4076600	 3e3438	axi_stream.elf
Finished building: axi_stream.elf.size
 
16:59:41 **** Incremental Build of configuration Debug for project axi_stream ****
make all 
make: Nothing to be done for `all'.
17:00:29 **** Incremental Build of configuration Debug for project axi_stream ****
make all 
make: Nothing to be done for `all'.
17:01:23 **** Auto Build of configuration Debug for project axi_stream ****
make all 
Building file: ../src/echo.c
Invoking: MicroBlaze gcc compiler
mb-gcc -Wall -O0 -g3 -c -fmessage-length=0 -MT"src/echo.o" -mxl-frequency -I../../axi_stream_bsp/microblaze_0/include -mlittle-endian -mcpu=v11.0 -mxl-soft-mul -Wl,--no-relax -ffunction-sections -fdata-sections -MMD -MP -MF"src/echo.d" -MT"src/echo.o" -o "src/echo.o" "../src/echo.c"
../src/echo.c: In function 'start_application':
../src/echo.c:211:7: warning: unused variable 'errority' [-Wunused-variable]
   int errority;
       ^~~~~~~~
../src/echo.c:210:7: warning: unused variable 'validity' [-Wunused-variable]
   int validity;
       ^~~~~~~~
../src/echo.c:209:18: warning: unused variable 'payload' [-Wunused-variable]
  volatile void * payload = buffer;
                  ^~~~~~~
Finished building: ../src/echo.c
 
Building target: axi_stream.elf
Invoking: MicroBlaze gcc linker
mb-gcc -Wl,-T -Wl,../src/lscript.ld -L../../axi_stream_bsp/microblaze_0/lib -mlittle-endian -mcpu=v11.0 -mxl-soft-mul -Wl,--no-relax -Wl,--gc-sections -o "axi_stream.elf"  ./src/echo.o ./src/i2c_access.o ./src/iic_phyreset.o ./src/main.o ./src/platform.o ./src/platform_mb.o ./src/platform_ppc.o ./src/platform_zynq.o ./src/platform_zynqmp.o ./src/sfp.o ./src/si5324.o   -Wl,--start-group,-lxil,-lgcc,-lc,--end-group -Wl,--start-group,-lxil,-llwip4,-lgcc,-lc,--end-group
Finished building target: axi_stream.elf
 
Invoking: MicroBlaze Print Size
mb-size axi_stream.elf  |tee "axi_stream.elf.size"
   text	   data	    bss	    dec	    hex	filename
 112484	   1792	3962324	4076600	 3e3438	axi_stream.elf
Finished building: axi_stream.elf.size
 
17:01:34 **** Incremental Build of configuration Debug for project axi_stream ****
make all 
make: Nothing to be done for `all'.
17:04:27 **** Auto Build of configuration Debug for project axi_stream ****
make all 
Building file: ../src/echo.c
Invoking: MicroBlaze gcc compiler
mb-gcc -Wall -O0 -g3 -c -fmessage-length=0 -MT"src/echo.o" -mxl-frequency -I../../axi_stream_bsp/microblaze_0/include -mlittle-endian -mcpu=v11.0 -mxl-soft-mul -Wl,--no-relax -ffunction-sections -fdata-sections -MMD -MP -MF"src/echo.d" -MT"src/echo.o" -o "src/echo.o" "../src/echo.c"
../src/echo.c: In function 'start_application':
../src/echo.c:222:22: warning: passing argument 2 of 'tcp_write' discards 'volatile' qualifier from pointer target type [-Wdiscarded-qualifiers]
       tcp_write(pcb, payload, 1, 1);
                      ^~~~~~~
In file included from ../src/echo.c:33:
../../axi_stream_bsp/microblaze_0/include/lwip/tcp.h:473:64: note: expected 'const void *' but argument is of type 'volatile void *'
 err_t            tcp_write   (struct tcp_pcb *pcb, const void *dataptr, u16_t len,
                                                    ~~~~~~~~~~~~^~~~~~~
Finished building: ../src/echo.c
 
Building target: axi_stream.elf
Invoking: MicroBlaze gcc linker
mb-gcc -Wl,-T -Wl,../src/lscript.ld -L../../axi_stream_bsp/microblaze_0/lib -mlittle-endian -mcpu=v11.0 -mxl-soft-mul -Wl,--no-relax -Wl,--gc-sections -o "axi_stream.elf"  ./src/echo.o ./src/i2c_access.o ./src/iic_phyreset.o ./src/main.o ./src/platform.o ./src/platform_mb.o ./src/platform_ppc.o ./src/platform_zynq.o ./src/platform_zynqmp.o ./src/sfp.o ./src/si5324.o   -Wl,--start-group,-lxil,-lgcc,-lc,--end-group -Wl,--start-group,-lxil,-llwip4,-lgcc,-lc,--end-group
Finished building target: axi_stream.elf
 
Invoking: MicroBlaze Print Size
mb-size axi_stream.elf  |tee "axi_stream.elf.size"
   text	   data	    bss	    dec	    hex	filename
 112552	   1792	3962320	4076664	 3e3478	axi_stream.elf
Finished building: axi_stream.elf.size
 
17:04:32 **** Incremental Build of configuration Debug for project axi_stream ****
make all 
make: Nothing to be done for `all'.
17:06:11 **** Auto Build of configuration Debug for project axi_stream ****
make all 
Building file: ../src/echo.c
Invoking: MicroBlaze gcc compiler
mb-gcc -Wall -O0 -g3 -c -fmessage-length=0 -MT"src/echo.o" -mxl-frequency -I../../axi_stream_bsp/microblaze_0/include -mlittle-endian -mcpu=v11.0 -mxl-soft-mul -Wl,--no-relax -ffunction-sections -fdata-sections -MMD -MP -MF"src/echo.d" -MT"src/echo.o" -o "src/echo.o" "../src/echo.c"
../src/echo.c: In function 'start_application':
../src/echo.c:211:7: warning: unused variable 'errority' [-Wunused-variable]
   int errority;
       ^~~~~~~~
../src/echo.c:210:7: warning: unused variable 'validity' [-Wunused-variable]
   int validity;
       ^~~~~~~~
../src/echo.c:209:18: warning: unused variable 'payload' [-Wunused-variable]
  volatile void * payload = buffer;
                  ^~~~~~~
Finished building: ../src/echo.c
 
Building target: axi_stream.elf
Invoking: MicroBlaze gcc linker
mb-gcc -Wl,-T -Wl,../src/lscript.ld -L../../axi_stream_bsp/microblaze_0/lib -mlittle-endian -mcpu=v11.0 -mxl-soft-mul -Wl,--no-relax -Wl,--gc-sections -o "axi_stream.elf"  ./src/echo.o ./src/i2c_access.o ./src/iic_phyreset.o ./src/main.o ./src/platform.o ./src/platform_mb.o ./src/platform_ppc.o ./src/platform_zynq.o ./src/platform_zynqmp.o ./src/sfp.o ./src/si5324.o   -Wl,--start-group,-lxil,-lgcc,-lc,--end-group -Wl,--start-group,-lxil,-llwip4,-lgcc,-lc,--end-group
Finished building target: axi_stream.elf
 
Invoking: MicroBlaze Print Size
mb-size axi_stream.elf  |tee "axi_stream.elf.size"
   text	   data	    bss	    dec	    hex	filename
 112484	   1792	3962324	4076600	 3e3438	axi_stream.elf
Finished building: axi_stream.elf.size
 
17:07:24 **** Auto Build of configuration Debug for project axi_stream ****
make all 
Building file: ../src/echo.c
Invoking: MicroBlaze gcc compiler
mb-gcc -Wall -O0 -g3 -c -fmessage-length=0 -MT"src/echo.o" -mxl-frequency -I../../axi_stream_bsp/microblaze_0/include -mlittle-endian -mcpu=v11.0 -mxl-soft-mul -Wl,--no-relax -ffunction-sections -fdata-sections -MMD -MP -MF"src/echo.d" -MT"src/echo.o" -o "src/echo.o" "../src/echo.c"
../src/echo.c: In function 'start_application':
../src/echo.c:211:7: warning: unused variable 'errority' [-Wunused-variable]
   int errority;
       ^~~~~~~~
../src/echo.c:210:7: warning: unused variable 'validity' [-Wunused-variable]
   int validity;
       ^~~~~~~~
../src/echo.c:209:18: warning: unused variable 'payload' [-Wunused-variable]
  volatile void * payload = buffer;
                  ^~~~~~~
Finished building: ../src/echo.c
 
Building target: axi_stream.elf
Invoking: MicroBlaze gcc linker
mb-gcc -Wl,-T -Wl,../src/lscript.ld -L../../axi_stream_bsp/microblaze_0/lib -mlittle-endian -mcpu=v11.0 -mxl-soft-mul -Wl,--no-relax -Wl,--gc-sections -o "axi_stream.elf"  ./src/echo.o ./src/i2c_access.o ./src/iic_phyreset.o ./src/main.o ./src/platform.o ./src/platform_mb.o ./src/platform_ppc.o ./src/platform_zynq.o ./src/platform_zynqmp.o ./src/sfp.o ./src/si5324.o   -Wl,--start-group,-lxil,-lgcc,-lc,--end-group -Wl,--start-group,-lxil,-llwip4,-lgcc,-lc,--end-group
Finished building target: axi_stream.elf
 
Invoking: MicroBlaze Print Size
mb-size axi_stream.elf  |tee "axi_stream.elf.size"
   text	   data	    bss	    dec	    hex	filename
 112484	   1792	3962324	4076600	 3e3438	axi_stream.elf
Finished building: axi_stream.elf.size
 
17:07:27 **** Auto Build of configuration Debug for project axi_stream ****
make all 
Building file: ../src/echo.c
Invoking: MicroBlaze gcc compiler
mb-gcc -Wall -O0 -g3 -c -fmessage-length=0 -MT"src/echo.o" -mxl-frequency -I../../axi_stream_bsp/microblaze_0/include -mlittle-endian -mcpu=v11.0 -mxl-soft-mul -Wl,--no-relax -ffunction-sections -fdata-sections -MMD -MP -MF"src/echo.d" -MT"src/echo.o" -o "src/echo.o" "../src/echo.c"
../src/echo.c: In function 'start_application':
../src/echo.c:222:22: warning: passing argument 2 of 'tcp_write' discards 'volatile' qualifier from pointer target type [-Wdiscarded-qualifiers]
       tcp_write(pcb, payload, 1, 1);
                      ^~~~~~~
In file included from ../src/echo.c:33:
../../axi_stream_bsp/microblaze_0/include/lwip/tcp.h:473:64: note: expected 'const void *' but argument is of type 'volatile void *'
 err_t            tcp_write   (struct tcp_pcb *pcb, const void *dataptr, u16_t len,
                                                    ~~~~~~~~~~~~^~~~~~~
Finished building: ../src/echo.c
 
Building target: axi_stream.elf
Invoking: MicroBlaze gcc linker
mb-gcc -Wl,-T -Wl,../src/lscript.ld -L../../axi_stream_bsp/microblaze_0/lib -mlittle-endian -mcpu=v11.0 -mxl-soft-mul -Wl,--no-relax -Wl,--gc-sections -o "axi_stream.elf"  ./src/echo.o ./src/i2c_access.o ./src/iic_phyreset.o ./src/main.o ./src/platform.o ./src/platform_mb.o ./src/platform_ppc.o ./src/platform_zynq.o ./src/platform_zynqmp.o ./src/sfp.o ./src/si5324.o   -Wl,--start-group,-lxil,-lgcc,-lc,--end-group -Wl,--start-group,-lxil,-llwip4,-lgcc,-lc,--end-group
Finished building target: axi_stream.elf
 
Invoking: MicroBlaze Print Size
mb-size axi_stream.elf  |tee "axi_stream.elf.size"
   text	   data	    bss	    dec	    hex	filename
 112552	   1792	3962320	4076664	 3e3478	axi_stream.elf
Finished building: axi_stream.elf.size
 
17:07:30 **** Incremental Build of configuration Debug for project axi_stream ****
make all 
make: Nothing to be done for `all'.
17:08:09 **** Auto Build of configuration Debug for project axi_stream ****
make all 
Building file: ../src/echo.c
Invoking: MicroBlaze gcc compiler
mb-gcc -Wall -O0 -g3 -c -fmessage-length=0 -MT"src/echo.o" -mxl-frequency -I../../axi_stream_bsp/microblaze_0/include -mlittle-endian -mcpu=v11.0 -mxl-soft-mul -Wl,--no-relax -ffunction-sections -fdata-sections -MMD -MP -MF"src/echo.d" -MT"src/echo.o" -o "src/echo.o" "../src/echo.c"
../src/echo.c: In function 'start_application':
../src/echo.c:211:7: warning: unused variable 'errority' [-Wunused-variable]
   int errority;
       ^~~~~~~~
../src/echo.c:210:7: warning: unused variable 'validity' [-Wunused-variable]
   int validity;
       ^~~~~~~~
../src/echo.c:209:18: warning: unused variable 'payload' [-Wunused-variable]
  volatile void * payload = buffer;
                  ^~~~~~~
Finished building: ../src/echo.c
 
Building target: axi_stream.elf
Invoking: MicroBlaze gcc linker
mb-gcc -Wl,-T -Wl,../src/lscript.ld -L../../axi_stream_bsp/microblaze_0/lib -mlittle-endian -mcpu=v11.0 -mxl-soft-mul -Wl,--no-relax -Wl,--gc-sections -o "axi_stream.elf"  ./src/echo.o ./src/i2c_access.o ./src/iic_phyreset.o ./src/main.o ./src/platform.o ./src/platform_mb.o ./src/platform_ppc.o ./src/platform_zynq.o ./src/platform_zynqmp.o ./src/sfp.o ./src/si5324.o   -Wl,--start-group,-lxil,-lgcc,-lc,--end-group -Wl,--start-group,-lxil,-llwip4,-lgcc,-lc,--end-group
Finished building target: axi_stream.elf
 
Invoking: MicroBlaze Print Size
mb-size axi_stream.elf  |tee "axi_stream.elf.size"
   text	   data	    bss	    dec	    hex	filename
 112484	   1792	3962324	4076600	 3e3438	axi_stream.elf
Finished building: axi_stream.elf.size
 
17:10:19 **** Auto Build of configuration Debug for project axi_stream ****
make all 
Building file: ../src/echo.c
Invoking: MicroBlaze gcc compiler
mb-gcc -Wall -O0 -g3 -c -fmessage-length=0 -MT"src/echo.o" -mxl-frequency -I../../axi_stream_bsp/microblaze_0/include -mlittle-endian -mcpu=v11.0 -mxl-soft-mul -Wl,--no-relax -ffunction-sections -fdata-sections -MMD -MP -MF"src/echo.d" -MT"src/echo.o" -o "src/echo.o" "../src/echo.c"
../src/echo.c: In function 'recv_callback':
../src/echo.c:138:13: error: 'pcb' undeclared (first use in this function); did you mean 'tpcb'?
   tcp_write(pcb, payload, 1, 1);
             ^~~
             tpcb
../src/echo.c:138:13: note: each undeclared identifier is reported only once for each function it appears in
../src/echo.c: In function 'start_application':
../src/echo.c:221:7: warning: unused variable 'errority' [-Wunused-variable]
   int errority;
       ^~~~~~~~
../src/echo.c:220:7: warning: unused variable 'validity' [-Wunused-variable]
   int validity;
       ^~~~~~~~
../src/echo.c:219:18: warning: unused variable 'payload' [-Wunused-variable]
  volatile void * payload = buffer;
                  ^~~~~~~
make: *** [src/echo.o] Error 1
17:10:37 **** Auto Build of configuration Debug for project axi_stream ****
make all 
Building file: ../src/echo.c
Invoking: MicroBlaze gcc compiler
mb-gcc -Wall -O0 -g3 -c -fmessage-length=0 -MT"src/echo.o" -mxl-frequency -I../../axi_stream_bsp/microblaze_0/include -mlittle-endian -mcpu=v11.0 -mxl-soft-mul -Wl,--no-relax -ffunction-sections -fdata-sections -MMD -MP -MF"src/echo.d" -MT"src/echo.o" -o "src/echo.o" "../src/echo.c"
../src/echo.c: In function 'start_application':
../src/echo.c:221:7: warning: unused variable 'errority' [-Wunused-variable]
   int errority;
       ^~~~~~~~
../src/echo.c:220:7: warning: unused variable 'validity' [-Wunused-variable]
   int validity;
       ^~~~~~~~
../src/echo.c:219:18: warning: unused variable 'payload' [-Wunused-variable]
  volatile void * payload = buffer;
                  ^~~~~~~
Finished building: ../src/echo.c
 
Building target: axi_stream.elf
Invoking: MicroBlaze gcc linker
mb-gcc -Wl,-T -Wl,../src/lscript.ld -L../../axi_stream_bsp/microblaze_0/lib -mlittle-endian -mcpu=v11.0 -mxl-soft-mul -Wl,--no-relax -Wl,--gc-sections -o "axi_stream.elf"  ./src/echo.o ./src/i2c_access.o ./src/iic_phyreset.o ./src/main.o ./src/platform.o ./src/platform_mb.o ./src/platform_ppc.o ./src/platform_zynq.o ./src/platform_zynqmp.o ./src/sfp.o ./src/si5324.o   -Wl,--start-group,-lxil,-lgcc,-lc,--end-group -Wl,--start-group,-lxil,-llwip4,-lgcc,-lc,--end-group
Finished building target: axi_stream.elf
 
Invoking: MicroBlaze Print Size
mb-size axi_stream.elf  |tee "axi_stream.elf.size"
   text	   data	    bss	    dec	    hex	filename
 112472	   1792	3962320	4076584	 3e3428	axi_stream.elf
Finished building: axi_stream.elf.size
 
17:11:32 **** Incremental Build of configuration Debug for project axi_stream ****
make all 
Building file: ../src/echo.c
Invoking: MicroBlaze gcc compiler
mb-gcc -Wall -O0 -g3 -c -fmessage-length=0 -MT"src/echo.o" -mxl-frequency -I../../axi_stream_bsp/microblaze_0/include -mlittle-endian -mcpu=v11.0 -mxl-soft-mul -Wl,--no-relax -ffunction-sections -fdata-sections -MMD -MP -MF"src/echo.d" -MT"src/echo.o" -o "src/echo.o" "../src/echo.c"
../src/echo.c: In function 'start_application':
../src/echo.c:232:22: warning: passing argument 2 of 'tcp_write' discards 'volatile' qualifier from pointer target type [-Wdiscarded-qualifiers]
       tcp_write(pcb, payload, 1, 1);
                      ^~~~~~~
In file included from ../src/echo.c:33:
../../axi_stream_bsp/microblaze_0/include/lwip/tcp.h:473:64: note: expected 'const void *' but argument is of type 'volatile void *'
 err_t            tcp_write   (struct tcp_pcb *pcb, const void *dataptr, u16_t len,
                                                    ~~~~~~~~~~~~^~~~~~~
Finished building: ../src/echo.c
 
Building target: axi_stream.elf
Invoking: MicroBlaze gcc linker
mb-gcc -Wl,-T -Wl,../src/lscript.ld -L../../axi_stream_bsp/microblaze_0/lib -mlittle-endian -mcpu=v11.0 -mxl-soft-mul -Wl,--no-relax -Wl,--gc-sections -o "axi_stream.elf"  ./src/echo.o ./src/i2c_access.o ./src/iic_phyreset.o ./src/main.o ./src/platform.o ./src/platform_mb.o ./src/platform_ppc.o ./src/platform_zynq.o ./src/platform_zynqmp.o ./src/sfp.o ./src/si5324.o   -Wl,--start-group,-lxil,-lgcc,-lc,--end-group -Wl,--start-group,-lxil,-llwip4,-lgcc,-lc,--end-group
Finished building target: axi_stream.elf
 
Invoking: MicroBlaze Print Size
mb-size axi_stream.elf  |tee "axi_stream.elf.size"
   text	   data	    bss	    dec	    hex	filename
 112552	   1792	3962320	4076664	 3e3478	axi_stream.elf
Finished building: axi_stream.elf.size
 
17:13:50 **** Auto Build of configuration Debug for project axi_stream ****
make all 
Building file: ../src/echo.c
Invoking: MicroBlaze gcc compiler
mb-gcc -Wall -O0 -g3 -c -fmessage-length=0 -MT"src/echo.o" -mxl-frequency -I../../axi_stream_bsp/microblaze_0/include -mlittle-endian -mcpu=v11.0 -mxl-soft-mul -Wl,--no-relax -ffunction-sections -fdata-sections -MMD -MP -MF"src/echo.d" -MT"src/echo.o" -o "src/echo.o" "../src/echo.c"
../src/echo.c: In function 'start_application':
../src/echo.c:221:7: warning: unused variable 'errority' [-Wunused-variable]
   int errority;
       ^~~~~~~~
../src/echo.c:220:7: warning: unused variable 'validity' [-Wunused-variable]
   int validity;
       ^~~~~~~~
../src/echo.c:219:18: warning: unused variable 'payload' [-Wunused-variable]
  volatile void * payload = buffer;
                  ^~~~~~~
Finished building: ../src/echo.c
 
Building target: axi_stream.elf
Invoking: MicroBlaze gcc linker
mb-gcc -Wl,-T -Wl,../src/lscript.ld -L../../axi_stream_bsp/microblaze_0/lib -mlittle-endian -mcpu=v11.0 -mxl-soft-mul -Wl,--no-relax -Wl,--gc-sections -o "axi_stream.elf"  ./src/echo.o ./src/i2c_access.o ./src/iic_phyreset.o ./src/main.o ./src/platform.o ./src/platform_mb.o ./src/platform_ppc.o ./src/platform_zynq.o ./src/platform_zynqmp.o ./src/sfp.o ./src/si5324.o   -Wl,--start-group,-lxil,-lgcc,-lc,--end-group -Wl,--start-group,-lxil,-llwip4,-lgcc,-lc,--end-group
Finished building target: axi_stream.elf
 
Invoking: MicroBlaze Print Size
mb-size axi_stream.elf  |tee "axi_stream.elf.size"
   text	   data	    bss	    dec	    hex	filename
 112484	   1792	3962324	4076600	 3e3438	axi_stream.elf
Finished building: axi_stream.elf.size
 
17:13:55 **** Incremental Build of configuration Debug for project axi_stream ****
make all 
make: Nothing to be done for `all'.
17:14:34 **** Incremental Build of configuration Debug for project axi_stream ****
make all 
make: Nothing to be done for `all'.
17:15:38 **** Auto Build of configuration Debug for project axi_stream ****
make all 
Building file: ../src/echo.c
Invoking: MicroBlaze gcc compiler
mb-gcc -Wall -O0 -g3 -c -fmessage-length=0 -MT"src/echo.o" -mxl-frequency -I../../axi_stream_bsp/microblaze_0/include -mlittle-endian -mcpu=v11.0 -mxl-soft-mul -Wl,--no-relax -ffunction-sections -fdata-sections -MMD -MP -MF"src/echo.d" -MT"src/echo.o" -o "src/echo.o" "../src/echo.c"
../src/echo.c: In function 'start_application':
[...]
make all 
make: Nothing to be done for `all'.
17:32:17 **** Auto Build of configuration Debug for project axi_stream ****
make all 
Building file: ../src/echo.c
Invoking: MicroBlaze gcc compiler
mb-gcc -Wall -O0 -g3 -c -fmessage-length=0 -MT"src/echo.o" -mxl-frequency -I../../axi_stream_bsp/microblaze_0/include -mlittle-endian -mcpu=v11.0 -mxl-soft-mul -Wl,--no-relax -ffunction-sections -fdata-sections -MMD -MP -MF"src/echo.d" -MT"src/echo.o" -o "src/echo.o" "../src/echo.c"
../src/echo.c: In function 'start_application':
../src/echo.c:220:7: warning: unused variable 'errority' [-Wunused-variable]
   int errority;
       ^~~~~~~~
../src/echo.c:219:7: warning: unused variable 'validity' [-Wunused-variable]
   int validity;
       ^~~~~~~~
../src/echo.c:218:18: warning: unused variable 'payload' [-Wunused-variable]
  volatile void * payload = buffer;
                  ^~~~~~~
Finished building: ../src/echo.c
 
Building target: axi_stream.elf
Invoking: MicroBlaze gcc linker
mb-gcc -Wl,-T -Wl,../src/lscript.ld -L../../axi_stream_bsp/microblaze_0/lib -mlittle-endian -mcpu=v11.0 -mxl-soft-mul -Wl,--no-relax -Wl,--gc-sections -o "axi_stream.elf"  ./src/echo.o ./src/i2c_access.o ./src/iic_phyreset.o ./src/main.o ./src/platform.o ./src/platform_mb.o ./src/platform_ppc.o ./src/platform_zynq.o ./src/platform_zynqmp.o ./src/sfp.o ./src/si5324.o   -Wl,--start-group,-lxil,-lgcc,-lc,--end-group -Wl,--start-group,-lxil,-llwip4,-lgcc,-lc,--end-group
Finished building target: axi_stream.elf
 
Invoking: MicroBlaze Print Size
mb-size axi_stream.elf  |tee "axi_stream.elf.size"
   text	   data	    bss	    dec	    hex	filename
 112572	   1792	3962324	4076688	 3e3490	axi_stream.elf
Finished building: axi_stream.elf.size
 
17:32:38 **** Incremental Build of configuration Debug for project axi_stream ****
make all 
make: Nothing to be done for `all'.
17:35:45 **** Auto Build of configuration Debug for project axi_stream ****
make all 
Building file: ../src/echo.c
Invoking: MicroBlaze gcc compiler
mb-gcc -Wall -O0 -g3 -c -fmessage-length=0 -MT"src/echo.o" -mxl-frequency -I../../axi_stream_bsp/microblaze_0/include -mlittle-endian -mcpu=v11.0 -mxl-soft-mul -Wl,--no-relax -ffunction-sections -fdata-sections -MMD -MP -MF"src/echo.d" -MT"src/echo.o" -o "src/echo.o" "../src/echo.c"
../src/echo.c: In function 'start_application':
../src/echo.c:220:7: warning: unused variable 'errority' [-Wunused-variable]
   int errority;
       ^~~~~~~~
../src/echo.c:219:7: warning: unused variable 'validity' [-Wunused-variable]
   int validity;
       ^~~~~~~~
../src/echo.c:218:18: warning: unused variable 'payload' [-Wunused-variable]
  volatile void * payload = buffer;
                  ^~~~~~~
Finished building: ../src/echo.c
 
Building target: axi_stream.elf
Invoking: MicroBlaze gcc linker
mb-gcc -Wl,-T -Wl,../src/lscript.ld -L../../axi_stream_bsp/microblaze_0/lib -mlittle-endian -mcpu=v11.0 -mxl-soft-mul -Wl,--no-relax -Wl,--gc-sections -o "axi_stream.elf"  ./src/echo.o ./src/i2c_access.o ./src/iic_phyreset.o ./src/main.o ./src/platform.o ./src/platform_mb.o ./src/platform_ppc.o ./src/platform_zynq.o ./src/platform_zynqmp.o ./src/sfp.o ./src/si5324.o   -Wl,--start-group,-lxil,-lgcc,-lc,--end-group -Wl,--start-group,-lxil,-llwip4,-lgcc,-lc,--end-group
Finished building target: axi_stream.elf
 
Invoking: MicroBlaze Print Size
mb-size axi_stream.elf  |tee "axi_stream.elf.size"
   text	   data	    bss	    dec	    hex	filename
 112612	   1792	3962324	4076728	 3e34b8	axi_stream.elf
Finished building: axi_stream.elf.size
 
17:35:50 **** Incremental Build of configuration Debug for project axi_stream ****
make all 
make: Nothing to be done for `all'.
17:36:38 **** Incremental Build of configuration Debug for project axi_stream ****
make all 
make: Nothing to be done for `all'.
17:37:46 **** Auto Build of configuration Debug for project axi_stream ****
make all 
Building file: ../src/echo.c
Invoking: MicroBlaze gcc compiler
mb-gcc -Wall -O0 -g3 -c -fmessage-length=0 -MT"src/echo.o" -mxl-frequency -I../../axi_stream_bsp/microblaze_0/include -mlittle-endian -mcpu=v11.0 -mxl-soft-mul -Wl,--no-relax -ffunction-sections -fdata-sections -MMD -MP -MF"src/echo.d" -MT"src/echo.o" -o "src/echo.o" "../src/echo.c"
../src/echo.c: In function 'recv_callback':
../src/echo.c:100:8: warning: variable 'len' set but not used [-Wunused-but-set-variable]
  u16_t len;
        ^~~
../src/echo.c: In function 'start_application':
../src/echo.c:220:7: warning: unused variable 'errority' [-Wunused-variable]
   int errority;
       ^~~~~~~~
../src/echo.c:219:7: warning: unused variable 'validity' [-Wunused-variable]
   int validity;
       ^~~~~~~~
../src/echo.c:218:18: warning: unused variable 'payload' [-Wunused-variable]
  volatile void * payload = buffer;
                  ^~~~~~~
Finished building: ../src/echo.c
 
Building target: axi_stream.elf
Invoking: MicroBlaze gcc linker
mb-gcc -Wl,-T -Wl,../src/lscript.ld -L../../axi_stream_bsp/microblaze_0/lib -mlittle-endian -mcpu=v11.0 -mxl-soft-mul -Wl,--no-relax -Wl,--gc-sections -o "axi_stream.elf"  ./src/echo.o ./src/i2c_access.o ./src/iic_phyreset.o ./src/main.o ./src/platform.o ./src/platform_mb.o ./src/platform_ppc.o ./src/platform_zynq.o ./src/platform_zynqmp.o ./src/sfp.o ./src/si5324.o   -Wl,--start-group,-lxil,-lgcc,-lc,--end-group -Wl,--start-group,-lxil,-llwip4,-lgcc,-lc,--end-group
Finished building target: axi_stream.elf
 
Invoking: MicroBlaze Print Size
mb-size axi_stream.elf  |tee "axi_stream.elf.size"
   text	   data	    bss	    dec	    hex	filename
 112512	   1792	3962320	4076624	 3e3450	axi_stream.elf
Finished building: axi_stream.elf.size
 
17:37:50 **** Incremental Build of configuration Debug for project axi_stream ****
make all 
make: Nothing to be done for `all'.
17:57:17 **** Incremental Build of configuration Debug for project axi_stream ****
make all 
make: Nothing to be done for `all'.
18:02:53 **** Incremental Build of configuration Debug for project axi_stream ****
make all 
make: Nothing to be done for `all'.
18:04:41 **** Auto Build of configuration Debug for project axi_stream ****
make all 
Building file: ../src/echo.c
Invoking: MicroBlaze gcc compiler
mb-gcc -Wall -O0 -g3 -c -fmessage-length=0 -MT"src/echo.o" -mxl-frequency -I../../axi_stream_bsp/microblaze_0/include -mlittle-endian -mcpu=v11.0 -mxl-soft-mul -Wl,--no-relax -ffunction-sections -fdata-sections -MMD -MP -MF"src/echo.d" -MT"src/echo.o" -o "src/echo.o" "../src/echo.c"
../src/echo.c: In function 'recv_callback':
../src/echo.c:100:8: warning: variable 'len' set but not used [-Wunused-but-set-variable]
  u16_t len;
        ^~~
../src/echo.c: In function 'start_application':
../src/echo.c:220:7: warning: unused variable 'errority' [-Wunused-variable]
   int errority;
       ^~~~~~~~
../src/echo.c:219:7: warning: unused variable 'validity' [-Wunused-variable]
   int validity;
       ^~~~~~~~
../src/echo.c:218:18: warning: unused variable 'payload' [-Wunused-variable]
  volatile void * payload = buffer;
                  ^~~~~~~
Finished building: ../src/echo.c
 
Building target: axi_stream.elf
Invoking: MicroBlaze gcc linker
mb-gcc -Wl,-T -Wl,../src/lscript.ld -L../../axi_stream_bsp/microblaze_0/lib -mlittle-endian -mcpu=v11.0 -mxl-soft-mul -Wl,--no-relax -Wl,--gc-sections -o "axi_stream.elf"  ./src/echo.o ./src/i2c_access.o ./src/iic_phyreset.o ./src/main.o ./src/platform.o ./src/platform_mb.o ./src/platform_ppc.o ./src/platform_zynq.o ./src/platform_zynqmp.o ./src/sfp.o ./src/si5324.o   -Wl,--start-group,-lxil,-lgcc,-lc,--end-group -Wl,--start-group,-lxil,-llwip4,-lgcc,-lc,--end-group
Finished building target: axi_stream.elf
 
Invoking: MicroBlaze Print Size
mb-size axi_stream.elf  |tee "axi_stream.elf.size"
   text	   data	    bss	    dec	    hex	filename
 112520	   1792	3962320	4076632	 3e3458	axi_stream.elf
Finished building: axi_stream.elf.size
 
18:04:45 **** Incremental Build of configuration Debug for project axi_stream ****
make all 
make: Nothing to be done for `all'.
18:05:47 **** Incremental Build of configuration Debug for project axi_stream ****
make all 
make: Nothing to be done for `all'.
18:06:58 **** Incremental Build of configuration Debug for project axi_stream ****
make all 
make: Nothing to be done for `all'.
18:07:39 **** Auto Build of configuration Debug for project axi_stream ****
make all 
Building file: ../src/echo.c
Invoking: MicroBlaze gcc compiler
mb-gcc -Wall -O0 -g3 -c -fmessage-length=0 -MT"src/echo.o" -mxl-frequency -I../../axi_stream_bsp/microblaze_0/include -mlittle-endian -mcpu=v11.0 -mxl-soft-mul -Wl,--no-relax -ffunction-sections -fdata-sections -MMD -MP -MF"src/echo.d" -MT"src/echo.o" -o "src/echo.o" "../src/echo.c"
../src/echo.c: In function 'recv_callback':
../src/echo.c:100:8: warning: variable 'len' set but not used [-Wunused-but-set-variable]
  u16_t len;
        ^~~
../src/echo.c: In function 'start_application':
../src/echo.c:220:7: warning: unused variable 'errority' [-Wunused-variable]
   int errority;
       ^~~~~~~~
../src/echo.c:219:7: warning: unused variable 'validity' [-Wunused-variable]
   int validity;
       ^~~~~~~~
../src/echo.c:218:18: warning: unused variable 'payload' [-Wunused-variable]
  volatile void * payload = buffer;
                  ^~~~~~~
Finished building: ../src/echo.c
 
Building target: axi_stream.elf
Invoking: MicroBlaze gcc linker
mb-gcc -Wl,-T -Wl,../src/lscript.ld -L../../axi_stream_bsp/microblaze_0/lib -mlittle-endian -mcpu=v11.0 -mxl-soft-mul -Wl,--no-relax -Wl,--gc-sections -o "axi_stream.elf"  ./src/echo.o ./src/i2c_access.o ./src/iic_phyreset.o ./src/main.o ./src/platform.o ./src/platform_mb.o ./src/platform_ppc.o ./src/platform_zynq.o ./src/platform_zynqmp.o ./src/sfp.o ./src/si5324.o   -Wl,--start-group,-lxil,-lgcc,-lc,--end-group -Wl,--start-group,-lxil,-llwip4,-lgcc,-lc,--end-group
Finished building target: axi_stream.elf
 
Invoking: MicroBlaze Print Size
mb-size axi_stream.elf  |tee "axi_stream.elf.size"
   text	   data	    bss	    dec	    hex	filename
 112512	   1792	3962320	4076624	 3e3450	axi_stream.elf
Finished building: axi_stream.elf.size
 
18:07:43 **** Incremental Build of configuration Debug for project axi_stream ****
make all 
make: Nothing to be done for `all'.
18:08:46 **** Incremental Build of configuration Debug for project axi_stream ****
make all 
make: Nothing to be done for `all'.
18:13:16 **** Auto Build of configuration Debug for project axi_stream ****
make all 
Building file: ../src/echo.c
Invoking: MicroBlaze gcc compiler
mb-gcc -Wall -O0 -g3 -c -fmessage-length=0 -MT"src/echo.o" -mxl-frequency -I../../axi_stream_bsp/microblaze_0/include -mlittle-endian -mcpu=v11.0 -mxl-soft-mul -Wl,--no-relax -ffunction-sections -fdata-sections -MMD -MP -MF"src/echo.d" -MT"src/echo.o" -o "src/echo.o" "../src/echo.c"
../src/echo.c: In function 'recv_callback':
../src/echo.c:100:8: warning: variable 'len' set but not used [-Wunused-but-set-variable]
  u16_t len;
        ^~~
../src/echo.c: In function 'start_application':
../src/echo.c:220:7: warning: unused variable 'errority' [-Wunused-variable]
   int errority;
       ^~~~~~~~
../src/echo.c:219:7: warning: unused variable 'validity' [-Wunused-variable]
   int validity;
       ^~~~~~~~
../src/echo.c:218:18: warning: unused variable 'payload' [-Wunused-variable]
  volatile void * payload = buffer;
                  ^~~~~~~
Finished building: ../src/echo.c
 
Building target: axi_stream.elf
Invoking: MicroBlaze gcc linker
mb-gcc -Wl,-T -Wl,../src/lscript.ld -L../../axi_stream_bsp/microblaze_0/lib -mlittle-endian -mcpu=v11.0 -mxl-soft-mul -Wl,--no-relax -Wl,--gc-sections -o "axi_stream.elf"  ./src/echo.o ./src/i2c_access.o ./src/iic_phyreset.o ./src/main.o ./src/platform.o ./src/platform_mb.o ./src/platform_ppc.o ./src/platform_zynq.o ./src/platform_zynqmp.o ./src/sfp.o ./src/si5324.o   -Wl,--start-group,-lxil,-lgcc,-lc,--end-group -Wl,--start-group,-lxil,-llwip4,-lgcc,-lc,--end-group
Finished building target: axi_stream.elf
 
Invoking: MicroBlaze Print Size
mb-size axi_stream.elf  |tee "axi_stream.elf.size"
   text	   data	    bss	    dec	    hex	filename
 112520	   1792	3962320	4076632	 3e3458	axi_stream.elf
Finished building: axi_stream.elf.size
 
18:14:40 **** Incremental Build of configuration Debug for project axi_stream ****
make all 
make: Nothing to be done for `all'.
18:15:27 **** Auto Build of configuration Debug for project axi_stream ****
make all 
Building file: ../src/echo.c
Invoking: MicroBlaze gcc compiler
mb-gcc -Wall -O0 -g3 -c -fmessage-length=0 -MT"src/echo.o" -mxl-frequency -I../../axi_stream_bsp/microblaze_0/include -mlittle-endian -mcpu=v11.0 -mxl-soft-mul -Wl,--no-relax -ffunction-sections -fdata-sections -MMD -MP -MF"src/echo.d" -MT"src/echo.o" -o "src/echo.o" "../src/echo.c"
../src/echo.c: In function 'recv_callback':
../src/echo.c:100:8: warning: variable 'len' set but not used [-Wunused-but-set-variable]
  u16_t len;
        ^~~
../src/echo.c: In function 'start_application':
../src/echo.c:220:7: warning: unused variable 'errority' [-Wunused-variable]
   int errority;
       ^~~~~~~~
../src/echo.c:219:7: warning: unused variable 'validity' [-Wunused-variable]
   int validity;
       ^~~~~~~~
../src/echo.c:218:18: warning: unused variable 'payload' [-Wunused-variable]
  volatile void * payload = buffer;
                  ^~~~~~~
Finished building: ../src/echo.c
 
Building target: axi_stream.elf
Invoking: MicroBlaze gcc linker
mb-gcc -Wl,-T -Wl,../src/lscript.ld -L../../axi_stream_bsp/microblaze_0/lib -mlittle-endian -mcpu=v11.0 -mxl-soft-mul -Wl,--no-relax -Wl,--gc-sections -o "axi_stream.elf"  ./src/echo.o ./src/i2c_access.o ./src/iic_phyreset.o ./src/main.o ./src/platform.o ./src/platform_mb.o ./src/platform_ppc.o ./src/platform_zynq.o ./src/platform_zynqmp.o ./src/sfp.o ./src/si5324.o   -Wl,--start-group,-lxil,-lgcc,-lc,--end-group -Wl,--start-group,-lxil,-llwip4,-lgcc,-lc,--end-group
Finished building target: axi_stream.elf
 
Invoking: MicroBlaze Print Size
mb-size axi_stream.elf  |tee "axi_stream.elf.size"
   text	   data	    bss	    dec	    hex	filename
 112512	   1792	3962320	4076624	 3e3450	axi_stream.elf
Finished building: axi_stream.elf.size
 
18:15:36 **** Incremental Build of configuration Debug for project axi_stream ****
make all 
make: Nothing to be done for `all'.
18:15:56 **** Auto Build of configuration Debug for project axi_stream ****
make all 
Building file: ../src/echo.c
Invoking: MicroBlaze gcc compiler
mb-gcc -Wall -O0 -g3 -c -fmessage-length=0 -MT"src/echo.o" -mxl-frequency -I../../axi_stream_bsp/microblaze_0/include -mlittle-endian -mcpu=v11.0 -mxl-soft-mul -Wl,--no-relax -ffunction-sections -fdata-sections -MMD -MP -MF"src/echo.d" -MT"src/echo.o" -o "src/echo.o" "../src/echo.c"
../src/echo.c: In function 'recv_callback':
../src/echo.c:100:8: warning: variable 'len' set but not used [-Wunused-but-set-variable]
  u16_t len;
        ^~~
../src/echo.c: In function 'start_application':
../src/echo.c:222:7: warning: unused variable 'errority' [-Wunused-variable]
   int errority;
       ^~~~~~~~
../src/echo.c:221:7: warning: unused variable 'validity' [-Wunused-variable]
   int validity;
       ^~~~~~~~
../src/echo.c:220:18: warning: unused variable 'payload' [-Wunused-variable]
  volatile void * payload = buffer;
                  ^~~~~~~
Finished building: ../src/echo.c
 
Building target: axi_stream.elf
Invoking: MicroBlaze gcc linker
mb-gcc -Wl,-T -Wl,../src/lscript.ld -L../../axi_stream_bsp/microblaze_0/lib -mlittle-endian -mcpu=v11.0 -mxl-soft-mul -Wl,--no-relax -Wl,--gc-sections -o "axi_stream.elf"  ./src/echo.o ./src/i2c_access.o ./src/iic_phyreset.o ./src/main.o ./src/platform.o ./src/platform_mb.o ./src/platform_ppc.o ./src/platform_zynq.o ./src/platform_zynqmp.o ./src/sfp.o ./src/si5324.o   -Wl,--start-group,-lxil,-lgcc,-lc,--end-group -Wl,--start-group,-lxil,-llwip4,-lgcc,-lc,--end-group
Finished building target: axi_stream.elf
 
Invoking: MicroBlaze Print Size
mb-size axi_stream.elf  |tee "axi_stream.elf.size"
   text	   data	    bss	    dec	    hex	filename
 112544	   1792	3962320	4076656	 3e3470	axi_stream.elf
Finished building: axi_stream.elf.size
 
18:17:55 **** Auto Build of configuration Debug for project axi_stream ****
make all 
Building file: ../src/echo.c
Invoking: MicroBlaze gcc compiler
mb-gcc -Wall -O0 -g3 -c -fmessage-length=0 -MT"src/echo.o" -mxl-frequency -I../../axi_stream_bsp/microblaze_0/include -mlittle-endian -mcpu=v11.0 -mxl-soft-mul -Wl,--no-relax -ffunction-sections -fdata-sections -MMD -MP -MF"src/echo.d" -MT"src/echo.o" -o "src/echo.o" "../src/echo.c"
../src/echo.c: In function 'recv_callback':
../src/echo.c:100:8: warning: variable 'len' set but not used [-Wunused-but-set-variable]
  u16_t len;
        ^~~
../src/echo.c: In function 'start_application':
../src/echo.c:222:7: warning: unused variable 'errority' [-Wunused-variable]
   int errority;
       ^~~~~~~~
../src/echo.c:221:7: warning: unused variable 'validity' [-Wunused-variable]
   int validity;
       ^~~~~~~~
../src/echo.c:220:18: warning: unused variable 'payload' [-Wunused-variable]
  volatile void * payload = buffer;
                  ^~~~~~~
Finished building: ../src/echo.c
 
Building target: axi_stream.elf
Invoking: MicroBlaze gcc linker
mb-gcc -Wl,-T -Wl,../src/lscript.ld -L../../axi_stream_bsp/microblaze_0/lib -mlittle-endian -mcpu=v11.0 -mxl-soft-mul -Wl,--no-relax -Wl,--gc-sections -o "axi_stream.elf"  ./src/echo.o ./src/i2c_access.o ./src/iic_phyreset.o ./src/main.o ./src/platform.o ./src/platform_mb.o ./src/platform_ppc.o ./src/platform_zynq.o ./src/platform_zynqmp.o ./src/sfp.o ./src/si5324.o   -Wl,--start-group,-lxil,-lgcc,-lc,--end-group -Wl,--start-group,-lxil,-llwip4,-lgcc,-lc,--end-group
Finished building target: axi_stream.elf
 
Invoking: MicroBlaze Print Size
mb-size axi_stream.elf  |tee "axi_stream.elf.size"
   text	   data	    bss	    dec	    hex	filename
 112512	   1792	3962320	4076624	 3e3450	axi_stream.elf
Finished building: axi_stream.elf.size
 
18:19:30 **** Incremental Build of configuration Debug for project axi_stream ****
make all 
make: Nothing to be done for `all'.
18:26:41 **** Auto Build of configuration Debug for project axi_stream ****
make all 
Building file: ../src/echo.c
Invoking: MicroBlaze gcc compiler
mb-gcc -Wall -O0 -g3 -c -fmessage-length=0 -MT"src/echo.o" -mxl-frequency -I../../axi_stream_bsp/microblaze_0/include -mlittle-endian -mcpu=v11.0 -mxl-soft-mul -Wl,--no-relax -ffunction-sections -fdata-sections -MMD -MP -MF"src/echo.d" -MT"src/echo.o" -o "src/echo.o" "../src/echo.c"
../src/echo.c: In function 'recv_callback':
../src/echo.c:100:8: warning: variable 'len' set but not used [-Wunused-but-set-variable]
  u16_t len;
        ^~~
../src/echo.c: In function 'start_application':
../src/echo.c:222:7: warning: unused variable 'errority' [-Wunused-variable]
   int errority;
       ^~~~~~~~
../src/echo.c:221:7: warning: unused variable 'validity' [-Wunused-variable]
   int validity;
       ^~~~~~~~
../src/echo.c:220:18: warning: unused variable 'payload' [-Wunused-variable]
  volatile void * payload = buffer;
                  ^~~~~~~
Finished building: ../src/echo.c
 
Building target: axi_stream.elf
Invoking: MicroBlaze gcc linker
mb-gcc -Wl,-T -Wl,../src/lscript.ld -L../../axi_stream_bsp/microblaze_0/lib -mlittle-endian -mcpu=v11.0 -mxl-soft-mul -Wl,--no-relax -Wl,--gc-sections -o "axi_stream.elf"  ./src/echo.o ./src/i2c_access.o ./src/iic_phyreset.o ./src/main.o ./src/platform.o ./src/platform_mb.o ./src/platform_ppc.o ./src/platform_zynq.o ./src/platform_zynqmp.o ./src/sfp.o ./src/si5324.o   -Wl,--start-group,-lxil,-lgcc,-lc,--end-group -Wl,--start-group,-lxil,-llwip4,-lgcc,-lc,--end-group
Finished building target: axi_stream.elf
 
Invoking: MicroBlaze Print Size
mb-size axi_stream.elf  |tee "axi_stream.elf.size"
   text	   data	    bss	    dec	    hex	filename
 112508	   1792	3962324	4076624	 3e3450	axi_stream.elf
Finished building: axi_stream.elf.size
 
